=== Log Filtering Information ===
The following patterns were suppressed from tool output:
- Unable to modify prefetchers
- enabling random access
Reason: these are environment-related warnings in WSL2 that do not affect measurement.
================================

=== Environment Information ===
CPU information (lscpu):
Architecture:                         x86_64
CPU op-mode(s):                       32-bit, 64-bit
Address sizes:                        39 bits physical, 48 bits virtual
Byte Order:                           Little Endian
CPU(s):                               16
On-line CPU(s) list:                  0-15
Vendor ID:                            GenuineIntel
Model name:                           11th Gen Intel(R) Core(TM) i7-11850H @ 2.50GHz
CPU family:                           6
Model:                                141
Thread(s) per core:                   2
Core(s) per socket:                   8
Socket(s):                            1
Stepping:                             1
BogoMIPS:                             4992.00
Flags:                                fpu vme de pse tsc msr pae mce cx8 apic sep mtrr pge mca cmov pat pse36 clflush mmx fxsr sse sse2 ss ht syscall nx pdpe1gb rdtscp lm constant_tsc arch_perfmon rep_good nopl xtopology cpuid tsc_known_freq pni pclmulqdq ssse3 fma cx16 pdcm pcid sse4_1 sse4_2 movbe popcnt aes xsave avx f16c rdrand hypervisor lahf_lm abm 3dnowprefetch ssbd ibrs ibpb stibp ibrs_enhanced fsgsbase bmi1 avx2 smep bmi2 erms invpcid avx512f avx512dq rdseed adx smap avx512ifma clflushopt clwb avx512cd sha_ni avx512bw avx512vl xsaveopt xsavec xgetbv1 xsaves avx512vbmi umip avx512_vbmi2 gfni vaes vpclmulqdq avx512_vnni avx512_bitalg avx512_vpopcntdq rdpid fsrm avx512_vp2intersect md_clear flush_l1d arch_capabilities
Hypervisor vendor:                    Microsoft
Virtualization type:                  full
L1d cache:                            384 KiB (8 instances)
L1i cache:                            256 KiB (8 instances)
L2 cache:                             10 MiB (8 instances)
L3 cache:                             24 MiB (1 instance)
NUMA node(s):                         1
NUMA node0 CPU(s):                    0-15
Vulnerability Gather data sampling:   Unknown: Dependent on hypervisor status
Vulnerability Itlb multihit:          Not affected
Vulnerability L1tf:                   Not affected
Vulnerability Mds:                    Not affected
Vulnerability Meltdown:               Not affected
Vulnerability Mmio stale data:        Not affected
Vulnerability Reg file data sampling: Not affected
Vulnerability Retbleed:               Mitigation; Enhanced IBRS
Vulnerability Spec rstack overflow:   Not affected
Vulnerability Spec store bypass:      Mitigation; Speculative Store Bypass disabled via prctl
Vulnerability Spectre v1:             Mitigation; usercopy/swapgs barriers and __user pointer sanitization
Vulnerability Spectre v2:             Mitigation; Enhanced / Automatic IBRS; IBPB conditional; RSB filling; PBRSB-eIBRS SW sequence; BHI SW loop, KVM SW loop
Vulnerability Srbds:                  Not affected
Vulnerability Tsx async abort:        Not affected

CPU frequency governor:

Note: CPU frequency scaling managed by Windows Power Options (min/max=99% to prevent turbo).
Governor not directly configurable under WSL2; assumed performance mode.

Tool versions:
MLC version:
perf version 6.6.87.2.g427645e3db3a
Perf version:
perf version 6.6.87.2.g427645e3db3a
===============================

[ENV] /proc/meminfo
MemTotal:       16224440 kB
MemFree:        15656552 kB
MemAvailable:   15594212 kB
Buffers:             460 kB
Cached:           109952 kB
SwapCached:         5136 kB
Active:            33200 kB
Inactive:         204332 kB
Active(anon):       2880 kB
Inactive(anon):   127072 kB
Active(file):      30320 kB
Inactive(file):    77260 kB
Unevictable:           0 kB
Mlocked:               0 kB
SwapTotal:       4194304 kB
SwapFree:        4162552 kB
Dirty:                 0 kB
Writeback:             0 kB
AnonPages:        122800 kB
Mapped:            36788 kB
Shmem:              2832 kB
KReclaimable:      18576 kB
Slab:              76804 kB
SReclaimable:      18576 kB
SUnreclaim:        58228 kB
KernelStack:        4192 kB
PageTables:         1912 kB
SecPageTables:         0 kB
NFS_Unstable:          0 kB
Bounce:                0 kB
WritebackTmp:          0 kB
CommitLimit:    12306524 kB
Committed_AS:    1061492 kB
VmallocTotal:   34359738367 kB
VmallocUsed:       27544 kB
VmallocChunk:          0 kB
Percpu:             4608 kB
HardwareCorrupted:     0 kB
AnonHugePages:     71680 kB
ShmemHugePages:        0 kB
ShmemPmdMapped:        0 kB
FileHugePages:         0 kB
FilePmdMapped:         0 kB
Unaccepted:            0 kB
HugePages_Total:       0
HugePages_Free:        0
HugePages_Rsvd:        0
HugePages_Surp:        0
Hugepagesize:       2048 kB
Hugetlb:               0 kB
DirectMap4k:       23552 kB
DirectMap2M:     5064704 kB
DirectMap1G:    19922944 kB

[ENV] /sys/kernel/mm/transparent_hugepage/enabled
[always] madvise never

[ENV] /sys/kernel/mm/transparent_hugepage/defrag
always defer defer+madvise [madvise] never

[COMPILE] g++ -O3 -march=native -std=c++17 saxpy_tlb.cpp -o build/saxpy_tlb
[WARMUP] taskset -c 0 build/saxpy_tlb 64 4096 1 64 781250 2.0 random off
[RUN] rep=1, huge=on, pages=4096
Command: perf stat -x , -e cycles,instructions,task-clock,dTLB-load-misses,dTLB-store-misses,dtlb_load_misses.walk_completed,dtlb_store_misses.walk_completed taskset -c 0 build/saxpy_tlb 4096 4096 1 64 12207 2.0 random on
runtime_ms=1468.76
gflops=0.0680846

[STDERR]
[THP] ----- BEFORE madvise -----
[THP] enabled: [always] madvise never
[THP] defrag : always defer defer+madvise [madvise] never
[THP] /proc/meminfo AnonHugePages (first 5 lines shown around it):
  MemTotal:       16224440 kB
  MemFree:        15622536 kB
  MemAvailable:   15560220 kB
  Buffers:             468 kB
  Cached:           109968 kB
  SwapCached:         5136 kB
  Active:            62528 kB
  Inactive:         209800 kB
  Active(anon):       2880 kB
  Inactive(anon):   161844 kB
  Active(file):      59648 kB
  Inactive(file):    47956 kB
  Unevictable:           0 kB
  Mlocked:               0 kB
  SwapTotal:       4194304 kB
  SwapFree:        4162552 kB
  Dirty:                 0 kB
  Writeback:             0 kB
  AnonPages:        158480 kB
  Mapped:            42620 kB
  Shmem:              2832 kB
  KReclaimable:      18596 kB
  Slab:              76916 kB
  SReclaimable:      18596 kB
  SUnreclaim:        58320 kB
  KernelStack:        4208 kB
  PageTables:         1928 kB
  SecPageTables:         0 kB
  NFS_Unstable:          0 kB
  Bounce:                0 kB
  WritebackTmp:          0 kB
  CommitLimit:    12306524 kB
  Committed_AS:    1099940 kB
  VmallocTotal:   34359738367 kB
  VmallocUsed:       27496 kB
  VmallocChunk:          0 kB
  Percpu:             4608 kB
  HardwareCorrupted:     0 kB
  AnonHugePages:    102400 kB
  ShmemHugePages:        0 kB
  ShmemPmdMapped:        0 kB
  FileHugePages:         0 kB
  FilePmdMapped:         0 kB
  Unaccepted:            0 kB
  HugePages_Total:       0
  HugePages_Free:        0
  HugePages_Rsvd:        0
  HugePages_Surp:        0
  Hugepagesize:       2048 kB
  Hugetlb:               0 kB
  DirectMap4k:       23552 kB
  DirectMap2M:     5064704 kB
  DirectMap1G:    19922944 kB
[THP] /proc/self/smaps AnonHugePages total: 30720 kB (before)
[THP] madvise: MADV_HUGEPAGE
[THP] /proc/self/smaps AnonHugePages total: 30720 kB (after)
3417995958,,cycles:u,1484879000,100.00,2.302,GHz
2878888230,,instructions:u,1484879000,100.00,0.84,insn per cycle
1484.88,msec,task-clock:u,1484879000,100.00,0.997,CPUs utilized
79882331,,dTLB-load-misses:u,1484879000,100.00,,
15088757,,dTLB-store-misses:u,1484879000,100.00,10.162,M/sec
79882331,,dtlb_load_misses.walk_completed:u,1484879000,100.00,53.797,M/sec
15088757,,dtlb_store_misses.walk_completed:u,1484879000,100.00,10.162,M/sec

[RUN] rep=1, huge=off, pages=128
Command: perf stat -x , -e cycles,instructions,task-clock,dTLB-load-misses,dTLB-store-misses,dtlb_load_misses.walk_completed,dtlb_store_misses.walk_completed taskset -c 0 build/saxpy_tlb 128 4096 1 64 390625 2.0 random off
runtime_ms=464.846
gflops=0.215125

[STDERR]
[THP] ----- BEFORE madvise -----
[THP] enabled: [always] madvise never
[THP] defrag : always defer defer+madvise [madvise] never
[THP] /proc/meminfo AnonHugePages (first 5 lines shown around it):
  MemTotal:       16224440 kB
  MemFree:        15656304 kB
  MemAvailable:   15594000 kB
  Buffers:             468 kB
  Cached:           109996 kB
  SwapCached:         5136 kB
  Active:            62644 kB
  Inactive:         177884 kB
  Active(anon):       2904 kB
  Inactive(anon):   129992 kB
  Active(file):      59740 kB
  Inactive(file):    47892 kB
  Unevictable:           0 kB
  Mlocked:               0 kB
  SwapTotal:       4194304 kB
  SwapFree:        4162552 kB
  Dirty:                 0 kB
  Writeback:             0 kB
  AnonPages:        126440 kB
  Mapped:            42756 kB
  Shmem:              2832 kB
  KReclaimable:      18596 kB
  Slab:              76952 kB
  SReclaimable:      18596 kB
  SUnreclaim:        58356 kB
  KernelStack:        4224 kB
  PageTables:         2108 kB
  SecPageTables:         0 kB
  NFS_Unstable:          0 kB
  Bounce:                0 kB
  WritebackTmp:          0 kB
  CommitLimit:    12306524 kB
  Committed_AS:    1068196 kB
  VmallocTotal:   34359738367 kB
  VmallocUsed:       27496 kB
  VmallocChunk:          0 kB
  Percpu:             4608 kB
  HardwareCorrupted:     0 kB
  AnonHugePages:     71680 kB
  ShmemHugePages:        0 kB
  ShmemPmdMapped:        0 kB
  FileHugePages:         0 kB
  FilePmdMapped:         0 kB
  Unaccepted:            0 kB
  HugePages_Total:       0
  HugePages_Free:        0
  HugePages_Rsvd:        0
  HugePages_Surp:        0
  Hugepagesize:       2048 kB
  Hugetlb:               0 kB
  DirectMap4k:       23552 kB
  DirectMap2M:     5064704 kB
  DirectMap1G:    19922944 kB
[THP] /proc/self/smaps AnonHugePages total: 0 kB (before)
[THP] madvise: MADV_NOHUGEPAGE
[THP] /proc/self/smaps AnonHugePages total: 0 kB (after)
1082363033,,cycles:u,469484300,100.00,2.305,GHz
2902822846,,instructions:u,469484300,100.00,2.68,insn per cycle
469.48,msec,task-clock:u,469484300,100.00,0.990,CPUs utilized
5543,,dTLB-load-misses:u,469484300,100.00,,
4672,,dTLB-store-misses:u,469484300,100.00,9.951,K/sec
5543,,dtlb_load_misses.walk_completed:u,469484300,100.00,11.807,K/sec
4672,,dtlb_store_misses.walk_completed:u,469484300,100.00,9.951,K/sec

[RUN] rep=1, huge=off, pages=256
Command: perf stat -x , -e cycles,instructions,task-clock,dTLB-load-misses,dTLB-store-misses,dtlb_load_misses.walk_completed,dtlb_store_misses.walk_completed taskset -c 0 build/saxpy_tlb 256 4096 1 64 195312 2.0 random off
runtime_ms=612.512
gflops=0.163262

[STDERR]
[THP] ----- BEFORE madvise -----
[THP] enabled: [always] madvise never
[THP] defrag : always defer defer+madvise [madvise] never
[THP] /proc/meminfo AnonHugePages (first 5 lines shown around it):
  MemTotal:       16224440 kB
  MemFree:        15655036 kB
  MemAvailable:   15592732 kB
  Buffers:             476 kB
  Cached:           109996 kB
  SwapCached:         5136 kB
  Active:            62628 kB
  Inactive:         178796 kB
  Active(anon):       2888 kB
  Inactive(anon):   130904 kB
  Active(file):      59740 kB
  Inactive(file):    47892 kB
  Unevictable:           0 kB
  Mlocked:               0 kB
  SwapTotal:       4194304 kB
  SwapFree:        4162552 kB
  Dirty:                68 kB
  Writeback:             0 kB
  AnonPages:        127308 kB
  Mapped:            42704 kB
  Shmem:              2832 kB
  KReclaimable:      18596 kB
  Slab:              76984 kB
  SReclaimable:      18596 kB
  SUnreclaim:        58388 kB
  KernelStack:        4224 kB
  PageTables:         1956 kB
  SecPageTables:         0 kB
  NFS_Unstable:          0 kB
  Bounce:                0 kB
  WritebackTmp:          0 kB
  CommitLimit:    12306524 kB
  Committed_AS:    1069220 kB
  VmallocTotal:   34359738367 kB
  VmallocUsed:       27496 kB
  VmallocChunk:          0 kB
  Percpu:             4608 kB
  HardwareCorrupted:     0 kB
  AnonHugePages:     71680 kB
  ShmemHugePages:        0 kB
  ShmemPmdMapped:        0 kB
  FileHugePages:         0 kB
  FilePmdMapped:         0 kB
  Unaccepted:            0 kB
  HugePages_Total:       0
  HugePages_Free:        0
  HugePages_Rsvd:        0
  HugePages_Surp:        0
  Hugepagesize:       2048 kB
  Hugetlb:               0 kB
  DirectMap4k:       23552 kB
  DirectMap2M:     5064704 kB
  DirectMap1G:    19922944 kB
[THP] /proc/self/smaps AnonHugePages total: 0 kB (before)
[THP] madvise: MADV_NOHUGEPAGE
[THP] /proc/self/smaps AnonHugePages total: 0 kB (after)
1436525239,,cycles:u,618146200,100.00,2.324,GHz
2882604575,,instructions:u,618146200,100.00,2.01,insn per cycle
618.15,msec,task-clock:u,618146200,100.00,0.992,CPUs utilized
11061,,dTLB-load-misses:u,618146200,100.00,,
8621,,dTLB-store-misses:u,618146200,100.00,13.947,K/sec
11061,,dtlb_load_misses.walk_completed:u,618146200,100.00,17.894,K/sec
8621,,dtlb_store_misses.walk_completed:u,618146200,100.00,13.947,K/sec

[RUN] rep=1, huge=on, pages=8192
Command: perf stat -x , -e cycles,instructions,task-clock,dTLB-load-misses,dTLB-store-misses,dtlb_load_misses.walk_completed,dtlb_store_misses.walk_completed taskset -c 0 build/saxpy_tlb 8192 4096 1 64 6103 2.0 random on
runtime_ms=1660.33
gflops=0.0602238

[STDERR]
[THP] ----- BEFORE madvise -----
[THP] enabled: [always] madvise never
[THP] defrag : always defer defer+madvise [madvise] never
[THP] /proc/meminfo AnonHugePages (first 5 lines shown around it):
  MemTotal:       16224440 kB
  MemFree:        15589684 kB
  MemAvailable:   15527380 kB
  Buffers:             476 kB
  Cached:           109996 kB
  SwapCached:         5136 kB
  Active:            62636 kB
  Inactive:         242688 kB
  Active(anon):       2896 kB
  Inactive(anon):   194796 kB
  Active(file):      59740 kB
  Inactive(file):    47892 kB
  Unevictable:           0 kB
  Mlocked:               0 kB
  SwapTotal:       4194304 kB
  SwapFree:        4162552 kB
  Dirty:                68 kB
  Writeback:             0 kB
  AnonPages:        191144 kB
  Mapped:            42704 kB
  Shmem:              2832 kB
  KReclaimable:      18596 kB
  Slab:              76996 kB
  SReclaimable:      18596 kB
  SUnreclaim:        58400 kB
  KernelStack:        4256 kB
  PageTables:         2208 kB
  SecPageTables:         0 kB
  NFS_Unstable:          0 kB
  Bounce:                0 kB
  WritebackTmp:          0 kB
  CommitLimit:    12306524 kB
  Committed_AS:    1132708 kB
  VmallocTotal:   34359738367 kB
  VmallocUsed:       27496 kB
  VmallocChunk:          0 kB
  Percpu:             4608 kB
  HardwareCorrupted:     0 kB
  AnonHugePages:    135168 kB
  ShmemHugePages:        0 kB
  ShmemPmdMapped:        0 kB
  FileHugePages:         0 kB
  FilePmdMapped:         0 kB
  Unaccepted:            0 kB
  HugePages_Total:       0
  HugePages_Free:        0
  HugePages_Rsvd:        0
  HugePages_Surp:        0
  Hugepagesize:       2048 kB
  Hugetlb:               0 kB
  DirectMap4k:       23552 kB
  DirectMap2M:     5064704 kB
  DirectMap1G:    19922944 kB
[THP] /proc/self/smaps AnonHugePages total: 63488 kB (before)
[THP] madvise: MADV_HUGEPAGE
[THP] /proc/self/smaps AnonHugePages total: 63488 kB (after)
3866458823,,cycles:u,1701669600,100.00,2.272,GHz
2896076361,,instructions:u,1701669600,100.00,0.75,insn per cycle
1701.67,msec,task-clock:u,1701669600,100.00,0.996,CPUs utilized
83752163,,dTLB-load-misses:u,1701669600,100.00,,
15203158,,dTLB-store-misses:u,1701669600,100.00,8.934,M/sec
83752163,,dtlb_load_misses.walk_completed:u,1701669600,100.00,49.218,M/sec
15203158,,dtlb_store_misses.walk_completed:u,1701669600,100.00,8.934,M/sec

[RUN] rep=1, huge=on, pages=32768
Command: perf stat -x , -e cycles,instructions,task-clock,dTLB-load-misses,dTLB-store-misses,dtlb_load_misses.walk_completed,dtlb_store_misses.walk_completed taskset -c 0 build/saxpy_tlb 32768 4096 1 64 1525 2.0 random on
runtime_ms=1969.62
gflops=0.050742

[STDERR]
[THP] ----- BEFORE madvise -----
[THP] enabled: [always] madvise never
[THP] defrag : always defer defer+madvise [madvise] never
[THP] /proc/meminfo AnonHugePages (first 5 lines shown around it):
  MemTotal:       16224440 kB
  MemFree:        15392164 kB
  MemAvailable:   15329864 kB
  Buffers:             476 kB
  Cached:           109996 kB
  SwapCached:         5136 kB
  Active:            62684 kB
  Inactive:         439300 kB
  Active(anon):       2904 kB
  Inactive(anon):   391440 kB
  Active(file):      59780 kB
  Inactive(file):    47860 kB
  Unevictable:           0 kB
  Mlocked:               0 kB
  SwapTotal:       4194304 kB
  SwapFree:        4162552 kB
  Dirty:                68 kB
  Writeback:             0 kB
  AnonPages:        387788 kB
  Mapped:            42828 kB
  Shmem:              2832 kB
  KReclaimable:      18596 kB
  Slab:              77028 kB
  SReclaimable:      18596 kB
  SUnreclaim:        58432 kB
  KernelStack:        4240 kB
  PageTables:         2564 kB
  SecPageTables:         0 kB
  NFS_Unstable:          0 kB
  Bounce:                0 kB
  WritebackTmp:          0 kB
  CommitLimit:    12306524 kB
  Committed_AS:    1329308 kB
  VmallocTotal:   34359738367 kB
  VmallocUsed:       27496 kB
  VmallocChunk:          0 kB
  Percpu:             4608 kB
  HardwareCorrupted:     0 kB
  AnonHugePages:    331776 kB
  ShmemHugePages:        0 kB
  ShmemPmdMapped:        0 kB
  FileHugePages:         0 kB
  FilePmdMapped:         0 kB
  Unaccepted:            0 kB
  HugePages_Total:       0
  HugePages_Free:        0
  HugePages_Rsvd:        0
  HugePages_Surp:        0
  Hugepagesize:       2048 kB
  Hugetlb:               0 kB
  DirectMap4k:       23552 kB
  DirectMap2M:     5064704 kB
  DirectMap1G:    19922944 kB
[THP] /proc/self/smaps AnonHugePages total: 260096 kB (before)
[THP] madvise: MADV_HUGEPAGE
[THP] /proc/self/smaps AnonHugePages total: 260096 kB (after)
4677382217,,cycles:u,2164106500,100.00,2.161,GHz
3032597285,,instructions:u,2164106500,100.00,0.65,insn per cycle
2164.11,msec,task-clock:u,2164106500,100.00,0.997,CPUs utilized
85663436,,dTLB-load-misses:u,2164106500,100.00,,
15048152,,dTLB-store-misses:u,2164106500,100.00,6.954,M/sec
85663436,,dtlb_load_misses.walk_completed:u,2164106500,100.00,39.584,M/sec
15048152,,dtlb_store_misses.walk_completed:u,2164106500,100.00,6.954,M/sec

[RUN] rep=1, huge=off, pages=32768
Command: perf stat -x , -e cycles,instructions,task-clock,dTLB-load-misses,dTLB-store-misses,dtlb_load_misses.walk_completed,dtlb_store_misses.walk_completed taskset -c 0 build/saxpy_tlb 32768 4096 1 64 1525 2.0 random off
runtime_ms=1990.31
gflops=0.0502144

[STDERR]
[THP] ----- BEFORE madvise -----
[THP] enabled: [always] madvise never
[THP] defrag : always defer defer+madvise [madvise] never
[THP] /proc/meminfo AnonHugePages (first 5 lines shown around it):
  MemTotal:       16224440 kB
  MemFree:        15395396 kB
  MemAvailable:   15333096 kB
  Buffers:             476 kB
  Cached:           109996 kB
  SwapCached:         5136 kB
  Active:            62676 kB
  Inactive:         439212 kB
  Active(anon):       2896 kB
  Inactive(anon):   391352 kB
  Active(file):      59780 kB
  Inactive(file):    47860 kB
  Unevictable:           0 kB
  Mlocked:               0 kB
  SwapTotal:       4194304 kB
  SwapFree:        4162552 kB
  Dirty:                68 kB
  Writeback:             0 kB
  AnonPages:        387668 kB
  Mapped:            42804 kB
  Shmem:              2832 kB
  KReclaimable:      18596 kB
  Slab:              76900 kB
  SReclaimable:      18596 kB
  SUnreclaim:        58304 kB
  KernelStack:        4240 kB
  PageTables:         2260 kB
  SecPageTables:         0 kB
  NFS_Unstable:          0 kB
  Bounce:                0 kB
  WritebackTmp:          0 kB
  CommitLimit:    12306524 kB
  Committed_AS:    1329316 kB
  VmallocTotal:   34359738367 kB
  VmallocUsed:       27496 kB
  VmallocChunk:          0 kB
  Percpu:             4608 kB
  HardwareCorrupted:     0 kB
  AnonHugePages:    331776 kB
  ShmemHugePages:        0 kB
  ShmemPmdMapped:        0 kB
  FileHugePages:         0 kB
  FilePmdMapped:         0 kB
  Unaccepted:            0 kB
  HugePages_Total:       0
  HugePages_Free:        0
  HugePages_Rsvd:        0
  HugePages_Surp:        0
  Hugepagesize:       2048 kB
  Hugetlb:               0 kB
  DirectMap4k:       23552 kB
  DirectMap2M:     5064704 kB
  DirectMap1G:    19922944 kB
[THP] /proc/self/smaps AnonHugePages total: 260096 kB (before)
[THP] madvise: MADV_NOHUGEPAGE
[THP] /proc/self/smaps AnonHugePages total: 260096 kB (after)
4716667617,,cycles:u,2075380400,100.00,2.273,GHz
3032597134,,instructions:u,2075380400,100.00,0.64,insn per cycle
2075.38,msec,task-clock:u,2075380400,100.00,0.997,CPUs utilized
85662436,,dTLB-load-misses:u,2075380400,100.00,,
15034463,,dTLB-store-misses:u,2075380400,100.00,7.244,M/sec
85662436,,dtlb_load_misses.walk_completed:u,2075380400,100.00,41.276,M/sec
15034463,,dtlb_store_misses.walk_completed:u,2075380400,100.00,7.244,M/sec

[RUN] rep=1, huge=on, pages=65536
Command: perf stat -x , -e cycles,instructions,task-clock,dTLB-load-misses,dTLB-store-misses,dtlb_load_misses.walk_completed,dtlb_store_misses.walk_completed taskset -c 0 build/saxpy_tlb 65536 4096 1 64 762 2.0 random on
runtime_ms=2242.31
gflops=0.0445419

[STDERR]
[THP] ----- BEFORE madvise -----
[THP] enabled: [always] madvise never
[THP] defrag : always defer defer+madvise [madvise] never
[THP] /proc/meminfo AnonHugePages (first 5 lines shown around it):
  MemTotal:       16224440 kB
  MemFree:        15132008 kB
  MemAvailable:   15069708 kB
  Buffers:             476 kB
  Cached:           109996 kB
  SwapCached:         5136 kB
  Active:            62676 kB
  Inactive:         701448 kB
  Active(anon):       2896 kB
  Inactive(anon):   653588 kB
  Active(file):      59780 kB
  Inactive(file):    47860 kB
  Unevictable:           0 kB
  Mlocked:               0 kB
  SwapTotal:       4194304 kB
  SwapFree:        4162552 kB
  Dirty:                68 kB
  Writeback:             0 kB
  AnonPages:        649944 kB
  Mapped:            42704 kB
  Shmem:              2832 kB
  KReclaimable:      18596 kB
  Slab:              76900 kB
  SReclaimable:      18596 kB
  SUnreclaim:        58304 kB
  KernelStack:        4224 kB
  PageTables:         3084 kB
  SecPageTables:         0 kB
  NFS_Unstable:          0 kB
  Bounce:                0 kB
  WritebackTmp:          0 kB
  CommitLimit:    12306524 kB
  Committed_AS:    1591460 kB
  VmallocTotal:   34359738367 kB
  VmallocUsed:       27496 kB
  VmallocChunk:          0 kB
  Percpu:             4608 kB
  HardwareCorrupted:     0 kB
  AnonHugePages:    593920 kB
  ShmemHugePages:        0 kB
  ShmemPmdMapped:        0 kB
  FileHugePages:         0 kB
  FilePmdMapped:         0 kB
  Unaccepted:            0 kB
  HugePages_Total:       0
  HugePages_Free:        0
  HugePages_Rsvd:        0
  HugePages_Surp:        0
  Hugepagesize:       2048 kB
  Hugetlb:               0 kB
  DirectMap4k:       23552 kB
  DirectMap2M:     5064704 kB
  DirectMap1G:    19922944 kB
[THP] /proc/self/smaps AnonHugePages total: 522240 kB (before)
[THP] madvise: MADV_HUGEPAGE
[THP] /proc/self/smaps AnonHugePages total: 522240 kB (after)
5373272401,,cycles:u,2574334200,100.00,2.087,GHz
3471519132,,instructions:u,2574334200,100.00,0.65,insn per cycle
2574.33,msec,task-clock:u,2574334200,100.00,0.998,CPUs utilized
86328279,,dTLB-load-misses:u,2574334200,100.00,,
14792329,,dTLB-store-misses:u,2574334200,100.00,5.746,M/sec
86328279,,dtlb_load_misses.walk_completed:u,2574334200,100.00,33.534,M/sec
14792329,,dtlb_store_misses.walk_completed:u,2574334200,100.00,5.746,M/sec

[RUN] rep=1, huge=on, pages=1024
Command: perf stat -x , -e cycles,instructions,task-clock,dTLB-load-misses,dTLB-store-misses,dtlb_load_misses.walk_completed,dtlb_store_misses.walk_completed taskset -c 0 build/saxpy_tlb 1024 4096 1 64 48828 2.0 random on
runtime_ms=733.177
gflops=0.136392

[STDERR]
[THP] ----- BEFORE madvise -----
[THP] enabled: [always] madvise never
[THP] defrag : always defer defer+madvise [madvise] never
[THP] /proc/meminfo AnonHugePages (first 5 lines shown around it):
  MemTotal:       16224440 kB
  MemFree:        15649104 kB
  MemAvailable:   15586804 kB
  Buffers:             476 kB
  Cached:           109996 kB
  SwapCached:         5136 kB
  Active:            62676 kB
  Inactive:         185268 kB
  Active(anon):       2896 kB
  Inactive(anon):   137408 kB
  Active(file):      59780 kB
  Inactive(file):    47860 kB
  Unevictable:           0 kB
  Mlocked:               0 kB
  SwapTotal:       4194304 kB
  SwapFree:        4162552 kB
  Dirty:                68 kB
  Writeback:             0 kB
  AnonPages:        133732 kB
  Mapped:            42772 kB
  Shmem:              2832 kB
  KReclaimable:      18596 kB
  Slab:              76900 kB
  SReclaimable:      18596 kB
  SUnreclaim:        58304 kB
  KernelStack:        4224 kB
  PageTables:         2124 kB
  SecPageTables:         0 kB
  NFS_Unstable:          0 kB
  Bounce:                0 kB
  WritebackTmp:          0 kB
  CommitLimit:    12306524 kB
  Committed_AS:    1075364 kB
  VmallocTotal:   34359738367 kB
  VmallocUsed:       27496 kB
  VmallocChunk:          0 kB
  Percpu:             4608 kB
  HardwareCorrupted:     0 kB
  AnonHugePages:     77824 kB
  ShmemHugePages:        0 kB
  ShmemPmdMapped:        0 kB
  FileHugePages:         0 kB
  FilePmdMapped:         0 kB
  Unaccepted:            0 kB
  HugePages_Total:       0
  HugePages_Free:        0
  HugePages_Rsvd:        0
  HugePages_Surp:        0
  Hugepagesize:       2048 kB
  Hugetlb:               0 kB
  DirectMap4k:       23552 kB
  DirectMap2M:     5064704 kB
  DirectMap1G:    19922944 kB
[THP] /proc/self/smaps AnonHugePages total: 6144 kB (before)
[THP] madvise: MADV_HUGEPAGE
[THP] /proc/self/smaps AnonHugePages total: 6144 kB (after)
1702034320,,cycles:u,740407500,100.00,2.299,GHz
2870115578,,instructions:u,740407500,100.00,1.69,insn per cycle
740.41,msec,task-clock:u,740407500,100.00,0.993,CPUs utilized
10601677,,dTLB-load-misses:u,740407500,100.00,,
6656225,,dTLB-store-misses:u,740407500,100.00,8.990,M/sec
10601677,,dtlb_load_misses.walk_completed:u,740407500,100.00,14.319,M/sec
6656225,,dtlb_store_misses.walk_completed:u,740407500,100.00,8.990,M/sec

[RUN] rep=1, huge=off, pages=8192
Command: perf stat -x , -e cycles,instructions,task-clock,dTLB-load-misses,dTLB-store-misses,dtlb_load_misses.walk_completed,dtlb_store_misses.walk_completed taskset -c 0 build/saxpy_tlb 8192 4096 1 64 6103 2.0 random off
runtime_ms=1788.56
gflops=0.0559063

[STDERR]
[THP] ----- BEFORE madvise -----
[THP] enabled: [always] madvise never
[THP] defrag : always defer defer+madvise [madvise] never
[THP] /proc/meminfo AnonHugePages (first 5 lines shown around it):
  MemTotal:       16224440 kB
  MemFree:        15594020 kB
  MemAvailable:   15531720 kB
  Buffers:             476 kB
  Cached:           109996 kB
  SwapCached:         5136 kB
  Active:            62684 kB
  Inactive:         242692 kB
  Active(anon):       2904 kB
  Inactive(anon):   194832 kB
  Active(file):      59780 kB
  Inactive(file):    47860 kB
  Unevictable:           0 kB
  Mlocked:               0 kB
  SwapTotal:       4194304 kB
  SwapFree:        4162552 kB
  Dirty:                68 kB
  Writeback:             0 kB
  AnonPages:        191188 kB
  Mapped:            42844 kB
  Shmem:              2832 kB
  KReclaimable:      18596 kB
  Slab:              76864 kB
  SReclaimable:      18596 kB
  SUnreclaim:        58268 kB
  KernelStack:        4224 kB
  PageTables:         2128 kB
  SecPageTables:         0 kB
  NFS_Unstable:          0 kB
  Bounce:                0 kB
  WritebackTmp:          0 kB
  CommitLimit:    12306524 kB
  Committed_AS:    1132708 kB
  VmallocTotal:   34359738367 kB
  VmallocUsed:       27496 kB
  VmallocChunk:          0 kB
  Percpu:             4608 kB
  HardwareCorrupted:     0 kB
  AnonHugePages:    135168 kB
  ShmemHugePages:        0 kB
  ShmemPmdMapped:        0 kB
  FileHugePages:         0 kB
  FilePmdMapped:         0 kB
  Unaccepted:            0 kB
  HugePages_Total:       0
  HugePages_Free:        0
  HugePages_Rsvd:        0
  HugePages_Surp:        0
  Hugepagesize:       2048 kB
  Hugetlb:               0 kB
  DirectMap4k:       23552 kB
  DirectMap2M:     5064704 kB
  DirectMap1G:    19922944 kB
[THP] /proc/self/smaps AnonHugePages total: 63488 kB (before)
[THP] madvise: MADV_NOHUGEPAGE
[THP] /proc/self/smaps AnonHugePages total: 63488 kB (after)
3884762146,,cycles:u,1697065600,100.00,2.289,GHz
2896076855,,instructions:u,1697065600,100.00,0.75,insn per cycle
1697.07,msec,task-clock:u,1697065600,100.00,0.933,CPUs utilized
83488719,,dTLB-load-misses:u,1697065600,100.00,,
15122124,,dTLB-store-misses:u,1697065600,100.00,8.911,M/sec
83488719,,dtlb_load_misses.walk_completed:u,1697065600,100.00,49.196,M/sec
15122124,,dtlb_store_misses.walk_completed:u,1697065600,100.00,8.911,M/sec

[RUN] rep=1, huge=off, pages=16384
Command: perf stat -x , -e cycles,instructions,task-clock,dTLB-load-misses,dTLB-store-misses,dtlb_load_misses.walk_completed,dtlb_store_misses.walk_completed taskset -c 0 build/saxpy_tlb 16384 4096 1 64 3051 2.0 random off
runtime_ms=1779.09
gflops=0.0561947

[STDERR]
[THP] ----- BEFORE madvise -----
[THP] enabled: [always] madvise never
[THP] defrag : always defer defer+madvise [madvise] never
[THP] /proc/meminfo AnonHugePages (first 5 lines shown around it):
  MemTotal:       16224440 kB
  MemFree:        15526284 kB
  MemAvailable:   15463984 kB
  Buffers:             476 kB
  Cached:           109996 kB
  SwapCached:         5136 kB
  Active:            62668 kB
  Inactive:         308092 kB
  Active(anon):       2888 kB
  Inactive(anon):   260232 kB
  Active(file):      59780 kB
  Inactive(file):    47860 kB
  Unevictable:           0 kB
  Mlocked:               0 kB
  SwapTotal:       4194304 kB
  SwapFree:        4162552 kB
  Dirty:                68 kB
  Writeback:             0 kB
  AnonPages:        256504 kB
  Mapped:            42708 kB
  Shmem:              2832 kB
  KReclaimable:      18596 kB
  Slab:              76816 kB
  SReclaimable:      18596 kB
  SUnreclaim:        58220 kB
  KernelStack:        4224 kB
  PageTables:         2112 kB
  SecPageTables:         0 kB
  NFS_Unstable:          0 kB
  Bounce:                0 kB
  WritebackTmp:          0 kB
  CommitLimit:    12306524 kB
  Committed_AS:    1198244 kB
  VmallocTotal:   34359738367 kB
  VmallocUsed:       27496 kB
  VmallocChunk:          0 kB
  Percpu:             4608 kB
  HardwareCorrupted:     0 kB
  AnonHugePages:    200704 kB
  ShmemHugePages:        0 kB
  ShmemPmdMapped:        0 kB
  FileHugePages:         0 kB
  FilePmdMapped:         0 kB
  Unaccepted:            0 kB
  HugePages_Total:       0
  HugePages_Free:        0
  HugePages_Rsvd:        0
  HugePages_Surp:        0
  Hugepagesize:       2048 kB
  Hugetlb:               0 kB
  DirectMap4k:       23552 kB
  DirectMap2M:     5064704 kB
  DirectMap1G:    19922944 kB
[THP] /proc/self/smaps AnonHugePages total: 129024 kB (before)
[THP] madvise: MADV_NOHUGEPAGE
[THP] /proc/self/smaps AnonHugePages total: 129024 kB (after)
4169017902,,cycles:u,1861231100,100.00,2.240,GHz
2935624168,,instructions:u,1861231100,100.00,0.70,insn per cycle
1861.23,msec,task-clock:u,1861231100,100.00,0.998,CPUs utilized
85021875,,dTLB-load-misses:u,1861231100,100.00,,
15090557,,dTLB-store-misses:u,1861231100,100.00,8.108,M/sec
85021875,,dtlb_load_misses.walk_completed:u,1861231100,100.00,45.680,M/sec
15090557,,dtlb_store_misses.walk_completed:u,1861231100,100.00,8.108,M/sec

[RUN] rep=1, huge=on, pages=16384
Command: perf stat -x , -e cycles,instructions,task-clock,dTLB-load-misses,dTLB-store-misses,dtlb_load_misses.walk_completed,dtlb_store_misses.walk_completed taskset -c 0 build/saxpy_tlb 16384 4096 1 64 3051 2.0 random on
runtime_ms=1782.39
gflops=0.0560906

[STDERR]
[THP] ----- BEFORE madvise -----
[THP] enabled: [always] madvise never
[THP] defrag : always defer defer+madvise [madvise] never
[THP] /proc/meminfo AnonHugePages (first 5 lines shown around it):
  MemTotal:       16224440 kB
  MemFree:        15529140 kB
  MemAvailable:   15466840 kB
  Buffers:             476 kB
  Cached:           109996 kB
  SwapCached:         5136 kB
  Active:            62668 kB
  Inactive:         308080 kB
  Active(anon):       2888 kB
  Inactive(anon):   260220 kB
  Active(file):      59780 kB
  Inactive(file):    47860 kB
  Unevictable:           0 kB
  Mlocked:               0 kB
  SwapTotal:       4194304 kB
  SwapFree:        4162552 kB
  Dirty:                68 kB
  Writeback:             0 kB
  AnonPages:        256480 kB
  Mapped:            42704 kB
  Shmem:              2832 kB
  KReclaimable:      18596 kB
  Slab:              76788 kB
  SReclaimable:      18596 kB
  SUnreclaim:        58192 kB
  KernelStack:        4208 kB
  PageTables:         1896 kB
  SecPageTables:         0 kB
  NFS_Unstable:          0 kB
  Bounce:                0 kB
  WritebackTmp:          0 kB
  CommitLimit:    12306524 kB
  Committed_AS:    1198244 kB
  VmallocTotal:   34359738367 kB
  VmallocUsed:       27496 kB
  VmallocChunk:          0 kB
  Percpu:             4608 kB
  HardwareCorrupted:     0 kB
  AnonHugePages:    200704 kB
  ShmemHugePages:        0 kB
  ShmemPmdMapped:        0 kB
  FileHugePages:         0 kB
  FilePmdMapped:         0 kB
  Unaccepted:            0 kB
  HugePages_Total:       0
  HugePages_Free:        0
  HugePages_Rsvd:        0
  HugePages_Surp:        0
  Hugepagesize:       2048 kB
  Hugetlb:               0 kB
  DirectMap4k:       23552 kB
  DirectMap2M:     5064704 kB
  DirectMap1G:    19922944 kB
[THP] /proc/self/smaps AnonHugePages total: 129024 kB (before)
[THP] madvise: MADV_HUGEPAGE
[THP] /proc/self/smaps AnonHugePages total: 129024 kB (after)
4180550703,,cycles:u,1828508000,100.00,2.286,GHz
2935624451,,instructions:u,1828508000,100.00,0.70,insn per cycle
1828.51,msec,task-clock:u,1828508000,100.00,0.997,CPUs utilized
84937939,,dTLB-load-misses:u,1828508000,100.00,,
15047167,,dTLB-store-misses:u,1828508000,100.00,8.229,M/sec
84937939,,dtlb_load_misses.walk_completed:u,1828508000,100.00,46.452,M/sec
15047167,,dtlb_store_misses.walk_completed:u,1828508000,100.00,8.229,M/sec

[RUN] rep=1, huge=off, pages=65536
Command: perf stat -x , -e cycles,instructions,task-clock,dTLB-load-misses,dTLB-store-misses,dtlb_load_misses.walk_completed,dtlb_store_misses.walk_completed taskset -c 0 build/saxpy_tlb 65536 4096 1 64 762 2.0 random off
runtime_ms=2191.8
gflops=0.0455684

[STDERR]
[THP] ----- BEFORE madvise -----
[THP] enabled: [always] madvise never
[THP] defrag : always defer defer+madvise [madvise] never
[THP] /proc/meminfo AnonHugePages (first 5 lines shown around it):
  MemTotal:       16224440 kB
  MemFree:        15134148 kB
  MemAvailable:   15071848 kB
  Buffers:             476 kB
  Cached:           109996 kB
  SwapCached:         5136 kB
  Active:            62676 kB
  Inactive:         701552 kB
  Active(anon):       2896 kB
  Inactive(anon):   653692 kB
  Active(file):      59780 kB
  Inactive(file):    47860 kB
  Unevictable:           0 kB
  Mlocked:               0 kB
  SwapTotal:       4194304 kB
  SwapFree:        4162552 kB
  Dirty:                68 kB
  Writeback:             0 kB
  AnonPages:        650048 kB
  Mapped:            42788 kB
  Shmem:              2832 kB
  KReclaimable:      18596 kB
  Slab:              76856 kB
  SReclaimable:      18596 kB
  SUnreclaim:        58260 kB
  KernelStack:        4224 kB
  PageTables:         3100 kB
  SecPageTables:         0 kB
  NFS_Unstable:          0 kB
  Bounce:                0 kB
  WritebackTmp:          0 kB
  CommitLimit:    12306524 kB
  Committed_AS:    1591460 kB
  VmallocTotal:   34359738367 kB
  VmallocUsed:       27496 kB
  VmallocChunk:          0 kB
  Percpu:             4608 kB
  HardwareCorrupted:     0 kB
  AnonHugePages:    593920 kB
  ShmemHugePages:        0 kB
  ShmemPmdMapped:        0 kB
  FileHugePages:         0 kB
  FilePmdMapped:         0 kB
  Unaccepted:            0 kB
  HugePages_Total:       0
  HugePages_Free:        0
  HugePages_Rsvd:        0
  HugePages_Surp:        0
  Hugepagesize:       2048 kB
  Hugetlb:               0 kB
  DirectMap4k:       23552 kB
  DirectMap2M:     5064704 kB
  DirectMap1G:    19922944 kB
[THP] /proc/self/smaps AnonHugePages total: 522240 kB (before)
[THP] madvise: MADV_NOHUGEPAGE
[THP] /proc/self/smaps AnonHugePages total: 522240 kB (after)
5264818563,,cycles:u,2578285900,100.00,2.042,GHz
3471519011,,instructions:u,2578285900,100.00,0.66,insn per cycle
2578.29,msec,task-clock:u,2578285900,100.00,0.998,CPUs utilized
86274357,,dTLB-load-misses:u,2578285900,100.00,,
14828213,,dTLB-store-misses:u,2578285900,100.00,5.751,M/sec
86274357,,dtlb_load_misses.walk_completed:u,2578285900,100.00,33.462,M/sec
14828213,,dtlb_store_misses.walk_completed:u,2578285900,100.00,5.751,M/sec

[RUN] rep=1, huge=on, pages=2048
Command: perf stat -x , -e cycles,instructions,task-clock,dTLB-load-misses,dTLB-store-misses,dtlb_load_misses.walk_completed,dtlb_store_misses.walk_completed taskset -c 0 build/saxpy_tlb 2048 4096 1 64 24414 2.0 random on
runtime_ms=1186.52
gflops=0.0842799

[STDERR]
[THP] ----- BEFORE madvise -----
[THP] enabled: [always] madvise never
[THP] defrag : always defer defer+madvise [madvise] never
[THP] /proc/meminfo AnonHugePages (first 5 lines shown around it):
  MemTotal:       16224440 kB
  MemFree:        15643700 kB
  MemAvailable:   15581400 kB
  Buffers:             476 kB
  Cached:           109996 kB
  SwapCached:         5136 kB
  Active:            62668 kB
  Inactive:         193392 kB
  Active(anon):       2888 kB
  Inactive(anon):   145532 kB
  Active(file):      59780 kB
  Inactive(file):    47860 kB
  Unevictable:           0 kB
  Mlocked:               0 kB
  SwapTotal:       4194304 kB
  SwapFree:        4162552 kB
  Dirty:                68 kB
  Writeback:             0 kB
  AnonPages:        141796 kB
  Mapped:            42708 kB
  Shmem:              2832 kB
  KReclaimable:      18596 kB
  Slab:              76848 kB
  SReclaimable:      18596 kB
  SUnreclaim:        58252 kB
  KernelStack:        4208 kB
  PageTables:         2016 kB
  SecPageTables:         0 kB
  NFS_Unstable:          0 kB
  Bounce:                0 kB
  WritebackTmp:          0 kB
  CommitLimit:    12306524 kB
  Committed_AS:    1083556 kB
  VmallocTotal:   34359738367 kB
  VmallocUsed:       27496 kB
  VmallocChunk:          0 kB
  Percpu:             4608 kB
  HardwareCorrupted:     0 kB
  AnonHugePages:     86016 kB
  ShmemHugePages:        0 kB
  ShmemPmdMapped:        0 kB
  FileHugePages:         0 kB
  FilePmdMapped:         0 kB
  Unaccepted:            0 kB
  HugePages_Total:       0
  HugePages_Free:        0
  HugePages_Rsvd:        0
  HugePages_Surp:        0
  Hugepagesize:       2048 kB
  Hugetlb:               0 kB
  DirectMap4k:       23552 kB
  DirectMap2M:     5064704 kB
  DirectMap1G:    19922944 kB
[THP] /proc/self/smaps AnonHugePages total: 14336 kB (before)
[THP] madvise: MADV_HUGEPAGE
[THP] /proc/self/smaps AnonHugePages total: 14336 kB (after)
2701730255,,cycles:u,1197458200,100.00,2.256,GHz
2871661722,,instructions:u,1197458200,100.00,1.06,insn per cycle
1197.46,msec,task-clock:u,1197458200,100.00,0.996,CPUs utilized
66469725,,dTLB-load-misses:u,1197458200,100.00,,
13537107,,dTLB-store-misses:u,1197458200,100.00,11.305,M/sec
66469725,,dtlb_load_misses.walk_completed:u,1197458200,100.00,55.509,M/sec
13537107,,dtlb_store_misses.walk_completed:u,1197458200,100.00,11.305,M/sec

[RUN] rep=1, huge=on, pages=512
Command: perf stat -x , -e cycles,instructions,task-clock,dTLB-load-misses,dTLB-store-misses,dtlb_load_misses.walk_completed,dtlb_store_misses.walk_completed taskset -c 0 build/saxpy_tlb 512 4096 1 64 97656 2.0 random on
runtime_ms=665.698
gflops=0.150218

[STDERR]
[THP] ----- BEFORE madvise -----
[THP] enabled: [always] madvise never
[THP] defrag : always defer defer+madvise [madvise] never
[THP] /proc/meminfo AnonHugePages (first 5 lines shown around it):
  MemTotal:       16224440 kB
  MemFree:        15655108 kB
  MemAvailable:   15592808 kB
  Buffers:             476 kB
  Cached:           109996 kB
  SwapCached:         5136 kB
  Active:            62676 kB
  Inactive:         181164 kB
  Active(anon):       2896 kB
  Inactive(anon):   133304 kB
  Active(file):      59780 kB
  Inactive(file):    47860 kB
  Unevictable:           0 kB
  Mlocked:               0 kB
  SwapTotal:       4194304 kB
  SwapFree:        4162552 kB
  Dirty:                68 kB
  Writeback:             0 kB
  AnonPages:        129628 kB
  Mapped:            42828 kB
  Shmem:              2832 kB
  KReclaimable:      18596 kB
  Slab:              76896 kB
  SReclaimable:      18596 kB
  SUnreclaim:        58300 kB
  KernelStack:        4224 kB
  PageTables:         2100 kB
  SecPageTables:         0 kB
  NFS_Unstable:          0 kB
  Bounce:                0 kB
  WritebackTmp:          0 kB
  CommitLimit:    12306524 kB
  Committed_AS:    1071268 kB
  VmallocTotal:   34359738367 kB
  VmallocUsed:       27496 kB
  VmallocChunk:          0 kB
  Percpu:             4608 kB
  HardwareCorrupted:     0 kB
  AnonHugePages:     73728 kB
  ShmemHugePages:        0 kB
  ShmemPmdMapped:        0 kB
  FileHugePages:         0 kB
  FilePmdMapped:         0 kB
  Unaccepted:            0 kB
  HugePages_Total:       0
  HugePages_Free:        0
  HugePages_Rsvd:        0
  HugePages_Surp:        0
  Hugepagesize:       2048 kB
  Hugetlb:               0 kB
  DirectMap4k:       23552 kB
  DirectMap2M:     5064704 kB
  DirectMap1G:    19922944 kB
[THP] /proc/self/smaps AnonHugePages total: 2048 kB (before)
[THP] madvise: MADV_HUGEPAGE
[THP] /proc/self/smaps AnonHugePages total: 2048 kB (after)
1545115386,,cycles:u,671988000,100.00,2.299,GHz
2873260948,,instructions:u,671988000,100.00,1.86,insn per cycle
671.99,msec,task-clock:u,671988000,100.00,0.994,CPUs utilized
53415,,dTLB-load-misses:u,671988000,100.00,,
20289,,dTLB-store-misses:u,671988000,100.00,30.193,K/sec
53415,,dtlb_load_misses.walk_completed:u,671988000,100.00,79.488,K/sec
20289,,dtlb_store_misses.walk_completed:u,671988000,100.00,30.193,K/sec

[RUN] rep=1, huge=off, pages=4096
Command: perf stat -x , -e cycles,instructions,task-clock,dTLB-load-misses,dTLB-store-misses,dtlb_load_misses.walk_completed,dtlb_store_misses.walk_completed taskset -c 0 build/saxpy_tlb 4096 4096 1 64 12207 2.0 random off
runtime_ms=1579.59
gflops=0.0633075

[STDERR]
[THP] ----- BEFORE madvise -----
[THP] enabled: [always] madvise never
[THP] defrag : always defer defer+madvise [madvise] never
[THP] /proc/meminfo AnonHugePages (first 5 lines shown around it):
  MemTotal:       16224440 kB
  MemFree:        15626404 kB
  MemAvailable:   15564104 kB
  Buffers:             476 kB
  Cached:           109996 kB
  SwapCached:         5136 kB
  Active:            62676 kB
  Inactive:         209768 kB
  Active(anon):       2896 kB
  Inactive(anon):   161908 kB
  Active(file):      59780 kB
  Inactive(file):    47860 kB
  Unevictable:           0 kB
  Mlocked:               0 kB
  SwapTotal:       4194304 kB
  SwapFree:        4162552 kB
  Dirty:                68 kB
  Writeback:             0 kB
  AnonPages:        158204 kB
  Mapped:            42728 kB
  Shmem:              2832 kB
  KReclaimable:      18596 kB
  Slab:              76868 kB
  SReclaimable:      18596 kB
  SUnreclaim:        58272 kB
  KernelStack:        4224 kB
  PageTables:         1940 kB
  SecPageTables:         0 kB
  NFS_Unstable:          0 kB
  Bounce:                0 kB
  WritebackTmp:          0 kB
  CommitLimit:    12306524 kB
  Committed_AS:    1099940 kB
  VmallocTotal:   34359738367 kB
  VmallocUsed:       27496 kB
  VmallocChunk:          0 kB
  Percpu:             4608 kB
  HardwareCorrupted:     0 kB
  AnonHugePages:    102400 kB
  ShmemHugePages:        0 kB
  ShmemPmdMapped:        0 kB
  FileHugePages:         0 kB
  FilePmdMapped:         0 kB
  Unaccepted:            0 kB
  HugePages_Total:       0
  HugePages_Free:        0
  HugePages_Rsvd:        0
  HugePages_Surp:        0
  Hugepagesize:       2048 kB
  Hugetlb:               0 kB
  DirectMap4k:       23552 kB
  DirectMap2M:     5064704 kB
  DirectMap1G:    19922944 kB
[THP] /proc/self/smaps AnonHugePages total: 30720 kB (before)
[THP] madvise: MADV_NOHUGEPAGE
[THP] /proc/self/smaps AnonHugePages total: 30720 kB (after)
3399121779,,cycles:u,1471215600,100.00,2.310,GHz
2878888212,,instructions:u,1471215600,100.00,0.85,insn per cycle
1471.22,msec,task-clock:u,1471215600,100.00,0.920,CPUs utilized
79641885,,dTLB-load-misses:u,1471215600,100.00,,
15012263,,dTLB-store-misses:u,1471215600,100.00,10.204,M/sec
79641885,,dtlb_load_misses.walk_completed:u,1471215600,100.00,54.133,M/sec
15012263,,dtlb_store_misses.walk_completed:u,1471215600,100.00,10.204,M/sec

[RUN] rep=1, huge=on, pages=131072
Command: perf stat -x , -e cycles,instructions,task-clock,dTLB-load-misses,dTLB-store-misses,dtlb_load_misses.walk_completed,dtlb_store_misses.walk_completed taskset -c 0 build/saxpy_tlb 131072 4096 1 64 381 2.0 random on
runtime_ms=2871.32
gflops=0.0347843

[STDERR]
[THP] ----- BEFORE madvise -----
[THP] enabled: [always] madvise never
[THP] defrag : always defer defer+madvise [madvise] never
[THP] /proc/meminfo AnonHugePages (first 5 lines shown around it):
  MemTotal:       16224440 kB
  MemFree:        14613460 kB
  MemAvailable:   14551160 kB
  Buffers:             476 kB
  Cached:           109996 kB
  SwapCached:         5136 kB
  Active:            62676 kB
  Inactive:        1225748 kB
  Active(anon):       2896 kB
  Inactive(anon):  1177888 kB
  Active(file):      59780 kB
  Inactive(file):    47860 kB
  Unevictable:           0 kB
  Mlocked:               0 kB
  SwapTotal:       4194304 kB
  SwapFree:        4162552 kB
  Dirty:                68 kB
  Writeback:             0 kB
  AnonPages:       1174236 kB
  Mapped:            42736 kB
  Shmem:              2832 kB
  KReclaimable:      18596 kB
  Slab:              76852 kB
  SReclaimable:      18596 kB
  SUnreclaim:        58256 kB
  KernelStack:        4224 kB
  PageTables:         3956 kB
  SecPageTables:         0 kB
  NFS_Unstable:          0 kB
  Bounce:                0 kB
  WritebackTmp:          0 kB
  CommitLimit:    12306524 kB
  Committed_AS:    2115748 kB
  VmallocTotal:   34359738367 kB
  VmallocUsed:       27496 kB
  VmallocChunk:          0 kB
  Percpu:             4608 kB
  HardwareCorrupted:     0 kB
  AnonHugePages:   1118208 kB
  ShmemHugePages:        0 kB
  ShmemPmdMapped:        0 kB
  FileHugePages:         0 kB
  FilePmdMapped:         0 kB
  Unaccepted:            0 kB
  HugePages_Total:       0
  HugePages_Free:        0
  HugePages_Rsvd:        0
  HugePages_Surp:        0
  Hugepagesize:       2048 kB
  Hugetlb:               0 kB
  DirectMap4k:       23552 kB
  DirectMap2M:     5064704 kB
  DirectMap1G:    19922944 kB
[THP] /proc/self/smaps AnonHugePages total: 1046528 kB (before)
[THP] madvise: MADV_HUGEPAGE
[THP] /proc/self/smaps AnonHugePages total: 1046528 kB (after)
6973674879,,cycles:u,3794942800,100.00,1.838,GHz
3727997774,,instructions:u,3794942800,100.00,0.53,insn per cycle
3794.94,msec,task-clock:u,3794942800,100.00,0.998,CPUs utilized
87934208,,dTLB-load-misses:u,3794942800,100.00,,
13739669,,dTLB-store-misses:u,3794942800,100.00,3.621,M/sec
87934208,,dtlb_load_misses.walk_completed:u,3794942800,100.00,23.171,M/sec
13739669,,dtlb_store_misses.walk_completed:u,3794942800,100.00,3.621,M/sec

[RUN] rep=1, huge=off, pages=1024
Command: perf stat -x , -e cycles,instructions,task-clock,dTLB-load-misses,dTLB-store-misses,dtlb_load_misses.walk_completed,dtlb_store_misses.walk_completed taskset -c 0 build/saxpy_tlb 1024 4096 1 64 48828 2.0 random off
runtime_ms=677.322
gflops=0.14764

[STDERR]
[THP] ----- BEFORE madvise -----
[THP] enabled: [always] madvise never
[THP] defrag : always defer defer+madvise [madvise] never
[THP] /proc/meminfo AnonHugePages (first 5 lines shown around it):
  MemTotal:       16224440 kB
  MemFree:        15652708 kB
  MemAvailable:   15590408 kB
  Buffers:             476 kB
  Cached:           109996 kB
  SwapCached:         5136 kB
  Active:            62676 kB
  Inactive:         185280 kB
  Active(anon):       2896 kB
  Inactive(anon):   137420 kB
  Active(file):      59780 kB
  Inactive(file):    47860 kB
  Unevictable:           0 kB
  Mlocked:               0 kB
  SwapTotal:       4194304 kB
  SwapFree:        4162552 kB
  Dirty:                68 kB
  Writeback:             0 kB
  AnonPages:        133736 kB
  Mapped:            42804 kB
  Shmem:              2832 kB
  KReclaimable:      18596 kB
  Slab:              76852 kB
  SReclaimable:      18596 kB
  SUnreclaim:        58256 kB
  KernelStack:        4224 kB
  PageTables:         2176 kB
  SecPageTables:         0 kB
  NFS_Unstable:          0 kB
  Bounce:                0 kB
  WritebackTmp:          0 kB
  CommitLimit:    12306524 kB
  Committed_AS:    1075364 kB
  VmallocTotal:   34359738367 kB
  VmallocUsed:       27496 kB
  VmallocChunk:          0 kB
  Percpu:             4608 kB
  HardwareCorrupted:     0 kB
  AnonHugePages:     77824 kB
  ShmemHugePages:        0 kB
  ShmemPmdMapped:        0 kB
  FileHugePages:         0 kB
  FilePmdMapped:         0 kB
  Unaccepted:            0 kB
  HugePages_Total:       0
  HugePages_Free:        0
  HugePages_Rsvd:        0
  HugePages_Surp:        0
  Hugepagesize:       2048 kB
  Hugetlb:               0 kB
  DirectMap4k:       23552 kB
  DirectMap2M:     5064704 kB
  DirectMap1G:    19922944 kB
[THP] /proc/self/smaps AnonHugePages total: 6144 kB (before)
[THP] madvise: MADV_NOHUGEPAGE
[THP] /proc/self/smaps AnonHugePages total: 6144 kB (after)
1589089796,,cycles:u,685024000,100.00,2.320,GHz
2870116147,,instructions:u,685024000,100.00,1.81,insn per cycle
685.02,msec,task-clock:u,685024000,100.00,0.992,CPUs utilized
2271854,,dTLB-load-misses:u,685024000,100.00,,
1502681,,dTLB-store-misses:u,685024000,100.00,2.194,M/sec
2271854,,dtlb_load_misses.walk_completed:u,685024000,100.00,3.316,M/sec
1502681,,dtlb_store_misses.walk_completed:u,685024000,100.00,2.194,M/sec

[RUN] rep=1, huge=off, pages=512
Command: perf stat -x , -e cycles,instructions,task-clock,dTLB-load-misses,dTLB-store-misses,dtlb_load_misses.walk_completed,dtlb_store_misses.walk_completed taskset -c 0 build/saxpy_tlb 512 4096 1 64 97656 2.0 random off
runtime_ms=681.739
gflops=0.146683

[STDERR]
[THP] ----- BEFORE madvise -----
[THP] enabled: [always] madvise never
[THP] defrag : always defer defer+madvise [madvise] never
[THP] /proc/meminfo AnonHugePages (first 5 lines shown around it):
  MemTotal:       16224440 kB
  MemFree:        15657216 kB
  MemAvailable:   15594916 kB
  Buffers:             476 kB
  Cached:           109996 kB
  SwapCached:         5136 kB
  Active:            62676 kB
  Inactive:         181168 kB
  Active(anon):       2896 kB
  Inactive(anon):   133308 kB
  Active(file):      59780 kB
  Inactive(file):    47860 kB
  Unevictable:           0 kB
  Mlocked:               0 kB
  SwapTotal:       4194304 kB
  SwapFree:        4162552 kB
  Dirty:                68 kB
  Writeback:             0 kB
  AnonPages:        129624 kB
  Mapped:            42784 kB
  Shmem:              2832 kB
  KReclaimable:      18596 kB
  Slab:              76912 kB
  SReclaimable:      18596 kB
  SUnreclaim:        58316 kB
  KernelStack:        4240 kB
  PageTables:         2096 kB
  SecPageTables:         0 kB
  NFS_Unstable:          0 kB
  Bounce:                0 kB
  WritebackTmp:          0 kB
  CommitLimit:    12306524 kB
  Committed_AS:    1071268 kB
  VmallocTotal:   34359738367 kB
  VmallocUsed:       27496 kB
  VmallocChunk:          0 kB
  Percpu:             4608 kB
  HardwareCorrupted:     0 kB
  AnonHugePages:     73728 kB
  ShmemHugePages:        0 kB
  ShmemPmdMapped:        0 kB
  FileHugePages:         0 kB
  FilePmdMapped:         0 kB
  Unaccepted:            0 kB
  HugePages_Total:       0
  HugePages_Free:        0
  HugePages_Rsvd:        0
  HugePages_Surp:        0
  Hugepagesize:       2048 kB
  Hugetlb:               0 kB
  DirectMap4k:       23552 kB
  DirectMap2M:     5064704 kB
  DirectMap1G:    19922944 kB
[THP] /proc/self/smaps AnonHugePages total: 2048 kB (before)
[THP] madvise: MADV_NOHUGEPAGE
[THP] /proc/self/smaps AnonHugePages total: 2048 kB (after)
1585190926,,cycles:u,688029200,100.00,2.304,GHz
2873261395,,instructions:u,688029200,100.00,1.81,insn per cycle
688.03,msec,task-clock:u,688029200,100.00,0.992,CPUs utilized
41348,,dTLB-load-misses:u,688029200,100.00,,
18020,,dTLB-store-misses:u,688029200,100.00,26.191,K/sec
41348,,dtlb_load_misses.walk_completed:u,688029200,100.00,60.096,K/sec
18020,,dtlb_store_misses.walk_completed:u,688029200,100.00,26.191,K/sec

[RUN] rep=1, huge=on, pages=256
Command: perf stat -x , -e cycles,instructions,task-clock,dTLB-load-misses,dTLB-store-misses,dtlb_load_misses.walk_completed,dtlb_store_misses.walk_completed taskset -c 0 build/saxpy_tlb 256 4096 1 64 195312 2.0 random on
runtime_ms=810.424
gflops=0.123392

[STDERR]
[THP] ----- BEFORE madvise -----
[THP] enabled: [always] madvise never
[THP] defrag : always defer defer+madvise [madvise] never
[THP] /proc/meminfo AnonHugePages (first 5 lines shown around it):
  MemTotal:       16224440 kB
  MemFree:        15660928 kB
  MemAvailable:   15598616 kB
  Buffers:             476 kB
  Cached:           109968 kB
  SwapCached:         5136 kB
  Active:            62668 kB
  Inactive:         178904 kB
  Active(anon):       2888 kB
  Inactive(anon):   131072 kB
  Active(file):      59780 kB
  Inactive(file):    47832 kB
  Unevictable:           0 kB
  Mlocked:               0 kB
  SwapTotal:       4194304 kB
  SwapFree:        4162552 kB
  Dirty:                68 kB
  Writeback:             0 kB
  AnonPages:        127388 kB
  Mapped:            42640 kB
  Shmem:              2832 kB
  KReclaimable:      18596 kB
  Slab:              76852 kB
  SReclaimable:      18596 kB
  SUnreclaim:        58256 kB
  KernelStack:        4208 kB
  PageTables:         1880 kB
  SecPageTables:         0 kB
  NFS_Unstable:          0 kB
  Bounce:                0 kB
  WritebackTmp:          0 kB
  CommitLimit:    12306524 kB
  Committed_AS:    1069220 kB
  VmallocTotal:   34359738367 kB
  VmallocUsed:       27512 kB
  VmallocChunk:          0 kB
  Percpu:             4608 kB
  HardwareCorrupted:     0 kB
  AnonHugePages:     71680 kB
  ShmemHugePages:        0 kB
  ShmemPmdMapped:        0 kB
  FileHugePages:         0 kB
  FilePmdMapped:         0 kB
  Unaccepted:            0 kB
  HugePages_Total:       0
  HugePages_Free:        0
  HugePages_Rsvd:        0
  HugePages_Surp:        0
  Hugepagesize:       2048 kB
  Hugetlb:               0 kB
  DirectMap4k:       23552 kB
  DirectMap2M:     5064704 kB
  DirectMap1G:    19922944 kB
[THP] /proc/self/smaps AnonHugePages total: 0 kB (before)
[THP] madvise: MADV_HUGEPAGE
[THP] /proc/self/smaps AnonHugePages total: 0 kB (after)
1389504321,,cycles:u,602946000,100.00,2.305,GHz
2882604194,,instructions:u,602946000,100.00,2.07,insn per cycle
602.95,msec,task-clock:u,602946000,100.00,0.734,CPUs utilized
34481,,dTLB-load-misses:u,602946000,100.00,,
13713,,dTLB-store-misses:u,602946000,100.00,22.743,K/sec
34481,,dtlb_load_misses.walk_completed:u,602946000,100.00,57.188,K/sec
13713,,dtlb_store_misses.walk_completed:u,602946000,100.00,22.743,K/sec

[RUN] rep=1, huge=off, pages=131072
Command: perf stat -x , -e cycles,instructions,task-clock,dTLB-load-misses,dTLB-store-misses,dtlb_load_misses.walk_completed,dtlb_store_misses.walk_completed taskset -c 0 build/saxpy_tlb 131072 4096 1 64 381 2.0 random off
runtime_ms=2848.49
gflops=0.0350631

[STDERR]
[THP] ----- BEFORE madvise -----
[THP] enabled: [always] madvise never
[THP] defrag : always defer defer+madvise [madvise] never
[THP] /proc/meminfo AnonHugePages (first 5 lines shown around it):
  MemTotal:       16224440 kB
  MemFree:        14611036 kB
  MemAvailable:   14548736 kB
  Buffers:             476 kB
  Cached:           109996 kB
  SwapCached:         5136 kB
  Active:            62676 kB
  Inactive:        1225744 kB
  Active(anon):       2896 kB
  Inactive(anon):  1177884 kB
  Active(file):      59780 kB
  Inactive(file):    47860 kB
  Unevictable:           0 kB
  Mlocked:               0 kB
  SwapTotal:       4194304 kB
  SwapFree:        4162552 kB
  Dirty:                68 kB
  Writeback:             0 kB
  AnonPages:       1174232 kB
  Mapped:            42780 kB
  Shmem:              2832 kB
  KReclaimable:      18596 kB
  Slab:              76896 kB
  SReclaimable:      18596 kB
  SUnreclaim:        58300 kB
  KernelStack:        4224 kB
  PageTables:         4064 kB
  SecPageTables:         0 kB
  NFS_Unstable:          0 kB
  Bounce:                0 kB
  WritebackTmp:          0 kB
  CommitLimit:    12306524 kB
  Committed_AS:    2115748 kB
  VmallocTotal:   34359738367 kB
  VmallocUsed:       27496 kB
  VmallocChunk:          0 kB
  Percpu:             4608 kB
  HardwareCorrupted:     0 kB
  AnonHugePages:   1118208 kB
  ShmemHugePages:        0 kB
  ShmemPmdMapped:        0 kB
  FileHugePages:         0 kB
  FilePmdMapped:         0 kB
  Unaccepted:            0 kB
  HugePages_Total:       0
  HugePages_Free:        0
  HugePages_Rsvd:        0
  HugePages_Surp:        0
  Hugepagesize:       2048 kB
  Hugetlb:               0 kB
  DirectMap4k:       23552 kB
  DirectMap2M:     5064704 kB
  DirectMap1G:    19922944 kB
[THP] /proc/self/smaps AnonHugePages total: 1046528 kB (before)
[THP] madvise: MADV_NOHUGEPAGE
[THP] /proc/self/smaps AnonHugePages total: 1046528 kB (after)
6945936752,,cycles:u,3667829200,100.00,1.894,GHz
3727997536,,instructions:u,3667829200,100.00,0.54,insn per cycle
3667.83,msec,task-clock:u,3667829200,100.00,0.999,CPUs utilized
87925207,,dTLB-load-misses:u,3667829200,100.00,,
13742541,,dTLB-store-misses:u,3667829200,100.00,3.747,M/sec
87925207,,dtlb_load_misses.walk_completed:u,3667829200,100.00,23.972,M/sec
13742541,,dtlb_store_misses.walk_completed:u,3667829200,100.00,3.747,M/sec

[RUN] rep=1, huge=on, pages=128
Command: perf stat -x , -e cycles,instructions,task-clock,dTLB-load-misses,dTLB-store-misses,dtlb_load_misses.walk_completed,dtlb_store_misses.walk_completed taskset -c 0 build/saxpy_tlb 128 4096 1 64 390625 2.0 random on
runtime_ms=489.165
gflops=0.20443

[STDERR]
[THP] ----- BEFORE madvise -----
[THP] enabled: [always] madvise never
[THP] defrag : always defer defer+madvise [madvise] never
[THP] /proc/meminfo AnonHugePages (first 5 lines shown around it):
  MemTotal:       16224440 kB
  MemFree:        15662456 kB
  MemAvailable:   15600156 kB
  Buffers:             476 kB
  Cached:           109996 kB
  SwapCached:         5136 kB
  Active:            62676 kB
  Inactive:         178104 kB
  Active(anon):       2896 kB
  Inactive(anon):   130244 kB
  Active(file):      59780 kB
  Inactive(file):    47860 kB
  Unevictable:           0 kB
  Mlocked:               0 kB
  SwapTotal:       4194304 kB
  SwapFree:        4162552 kB
  Dirty:                68 kB
  Writeback:             0 kB
  AnonPages:        126592 kB
  Mapped:            42848 kB
  Shmem:              2832 kB
  KReclaimable:      18596 kB
  Slab:              76896 kB
  SReclaimable:      18596 kB
  SUnreclaim:        58300 kB
  KernelStack:        4224 kB
  PageTables:         2176 kB
  SecPageTables:         0 kB
  NFS_Unstable:          0 kB
  Bounce:                0 kB
  WritebackTmp:          0 kB
  CommitLimit:    12306524 kB
  Committed_AS:    1068196 kB
  VmallocTotal:   34359738367 kB
  VmallocUsed:       27512 kB
  VmallocChunk:          0 kB
  Percpu:             4608 kB
  HardwareCorrupted:     0 kB
  AnonHugePages:     71680 kB
  ShmemHugePages:        0 kB
  ShmemPmdMapped:        0 kB
  FileHugePages:         0 kB
  FilePmdMapped:         0 kB
  Unaccepted:            0 kB
  HugePages_Total:       0
  HugePages_Free:        0
  HugePages_Rsvd:        0
  HugePages_Surp:        0
  Hugepagesize:       2048 kB
  Hugetlb:               0 kB
  DirectMap4k:       23552 kB
  DirectMap2M:     5064704 kB
  DirectMap1G:    19922944 kB
[THP] /proc/self/smaps AnonHugePages total: 0 kB (before)
[THP] madvise: MADV_HUGEPAGE
[THP] /proc/self/smaps AnonHugePages total: 0 kB (after)
1143470123,,cycles:u,493829500,100.00,2.316,GHz
2902812723,,instructions:u,493829500,100.00,2.54,insn per cycle
493.83,msec,task-clock:u,493829500,100.00,0.988,CPUs utilized
12265,,dTLB-load-misses:u,493829500,100.00,,
6329,,dTLB-store-misses:u,493829500,100.00,12.816,K/sec
12265,,dtlb_load_misses.walk_completed:u,493829500,100.00,24.837,K/sec
6329,,dtlb_store_misses.walk_completed:u,493829500,100.00,12.816,K/sec

[RUN] rep=1, huge=on, pages=64
Command: perf stat -x , -e cycles,instructions,task-clock,dTLB-load-misses,dTLB-store-misses,dtlb_load_misses.walk_completed,dtlb_store_misses.walk_completed taskset -c 0 build/saxpy_tlb 64 4096 1 64 781250 2.0 random on
runtime_ms=468.363
gflops=0.213509

[STDERR]
[THP] ----- BEFORE madvise -----
[THP] enabled: [always] madvise never
[THP] defrag : always defer defer+madvise [madvise] never
[THP] /proc/meminfo AnonHugePages (first 5 lines shown around it):
  MemTotal:       16224440 kB
  MemFree:        15663120 kB
  MemAvailable:   15600820 kB
  Buffers:             476 kB
  Cached:           109996 kB
  SwapCached:         5136 kB
  Active:            62676 kB
  Inactive:         177708 kB
  Active(anon):       2896 kB
  Inactive(anon):   129848 kB
  Active(file):      59780 kB
  Inactive(file):    47860 kB
  Unevictable:           0 kB
  Mlocked:               0 kB
  SwapTotal:       4194304 kB
  SwapFree:        4162552 kB
  Dirty:                 0 kB
  Writeback:             0 kB
  AnonPages:        126148 kB
  Mapped:            42824 kB
  Shmem:              2832 kB
  KReclaimable:      18596 kB
  Slab:              76944 kB
  SReclaimable:      18596 kB
  SUnreclaim:        58348 kB
  KernelStack:        4224 kB
  PageTables:         2080 kB
  SecPageTables:         0 kB
  NFS_Unstable:          0 kB
  Bounce:                0 kB
  WritebackTmp:          0 kB
  CommitLimit:    12306524 kB
  Committed_AS:    1067684 kB
  VmallocTotal:   34359738367 kB
  VmallocUsed:       27496 kB
  VmallocChunk:          0 kB
  Percpu:             4608 kB
  HardwareCorrupted:     0 kB
  AnonHugePages:     71680 kB
  ShmemHugePages:        0 kB
  ShmemPmdMapped:        0 kB
  FileHugePages:         0 kB
  FilePmdMapped:         0 kB
  Unaccepted:            0 kB
  HugePages_Total:       0
  HugePages_Free:        0
  HugePages_Rsvd:        0
  HugePages_Surp:        0
  Hugepagesize:       2048 kB
  Hugetlb:               0 kB
  DirectMap4k:       23552 kB
  DirectMap2M:     5064704 kB
  DirectMap1G:    19922944 kB
[THP] /proc/self/smaps AnonHugePages total: 0 kB (before)
[THP] madvise: MADV_HUGEPAGE
[THP] /proc/self/smaps AnonHugePages total: 0 kB (after)
1094927498,,cycles:u,472663100,100.00,2.317,GHz
2943968788,,instructions:u,472663100,100.00,2.69,insn per cycle
472.66,msec,task-clock:u,472663100,100.00,0.987,CPUs utilized
2869,,dTLB-load-misses:u,472663100,100.00,,
3080,,dTLB-store-misses:u,472663100,100.00,6.516,K/sec
2869,,dtlb_load_misses.walk_completed:u,472663100,100.00,6.070,K/sec
3080,,dtlb_store_misses.walk_completed:u,472663100,100.00,6.516,K/sec

[RUN] rep=1, huge=off, pages=2048
Command: perf stat -x , -e cycles,instructions,task-clock,dTLB-load-misses,dTLB-store-misses,dtlb_load_misses.walk_completed,dtlb_store_misses.walk_completed taskset -c 0 build/saxpy_tlb 2048 4096 1 64 24414 2.0 random off
runtime_ms=1395.99
gflops=0.0716337

[STDERR]
[THP] ----- BEFORE madvise -----
[THP] enabled: [always] madvise never
[THP] defrag : always defer defer+madvise [madvise] never
[THP] /proc/meminfo AnonHugePages (first 5 lines shown around it):
  MemTotal:       16224440 kB
  MemFree:        15645252 kB
  MemAvailable:   15582952 kB
  Buffers:             476 kB
  Cached:           109996 kB
  SwapCached:         5136 kB
  Active:            62676 kB
  Inactive:         193476 kB
  Active(anon):       2896 kB
  Inactive(anon):   145616 kB
  Active(file):      59780 kB
  Inactive(file):    47860 kB
  Unevictable:           0 kB
  Mlocked:               0 kB
  SwapTotal:       4194304 kB
  SwapFree:        4162552 kB
  Dirty:                 0 kB
  Writeback:             0 kB
  AnonPages:        141920 kB
  Mapped:            42776 kB
  Shmem:              2832 kB
  KReclaimable:      18596 kB
  Slab:              76936 kB
  SReclaimable:      18596 kB
  SUnreclaim:        58340 kB
  KernelStack:        4240 kB
  PageTables:         2172 kB
  SecPageTables:         0 kB
  NFS_Unstable:          0 kB
  Bounce:                0 kB
  WritebackTmp:          0 kB
  CommitLimit:    12306524 kB
  Committed_AS:    1083556 kB
  VmallocTotal:   34359738367 kB
  VmallocUsed:       27496 kB
  VmallocChunk:          0 kB
  Percpu:             4608 kB
  HardwareCorrupted:     0 kB
  AnonHugePages:     86016 kB
  ShmemHugePages:        0 kB
  ShmemPmdMapped:        0 kB
  FileHugePages:         0 kB
  FilePmdMapped:         0 kB
  Unaccepted:            0 kB
  HugePages_Total:       0
  HugePages_Free:        0
  HugePages_Rsvd:        0
  HugePages_Surp:        0
  Hugepagesize:       2048 kB
  Hugetlb:               0 kB
  DirectMap4k:       23552 kB
  DirectMap2M:     5064704 kB
  DirectMap1G:    19922944 kB
[THP] /proc/self/smaps AnonHugePages total: 14336 kB (before)
[THP] madvise: MADV_NOHUGEPAGE
[THP] /proc/self/smaps AnonHugePages total: 14336 kB (after)
2720087069,,cycles:u,1185083500,100.00,2.295,GHz
2871661706,,instructions:u,1185083500,100.00,1.06,insn per cycle
1185.08,msec,task-clock:u,1185083500,100.00,0.839,CPUs utilized
67457862,,dTLB-load-misses:u,1185083500,100.00,,
13788187,,dTLB-store-misses:u,1185083500,100.00,11.635,M/sec
67457862,,dtlb_load_misses.walk_completed:u,1185083500,100.00,56.922,M/sec
13788187,,dtlb_store_misses.walk_completed:u,1185083500,100.00,11.635,M/sec

[RUN] rep=1, huge=off, pages=64
Command: perf stat -x , -e cycles,instructions,task-clock,dTLB-load-misses,dTLB-store-misses,dtlb_load_misses.walk_completed,dtlb_store_misses.walk_completed taskset -c 0 build/saxpy_tlb 64 4096 1 64 781250 2.0 random off
runtime_ms=467.535
gflops=0.213888

[STDERR]
[THP] ----- BEFORE madvise -----
[THP] enabled: [always] madvise never
[THP] defrag : always defer defer+madvise [madvise] never
[THP] /proc/meminfo AnonHugePages (first 5 lines shown around it):
  MemTotal:       16224440 kB
  MemFree:        15662788 kB
  MemAvailable:   15600488 kB
  Buffers:             476 kB
  Cached:           109996 kB
  SwapCached:         5136 kB
  Active:            62676 kB
  Inactive:         177608 kB
  Active(anon):       2896 kB
  Inactive(anon):   129748 kB
  Active(file):      59780 kB
  Inactive(file):    47860 kB
  Unevictable:           0 kB
  Mlocked:               0 kB
  SwapTotal:       4194304 kB
  SwapFree:        4162552 kB
  Dirty:                 0 kB
  Writeback:             0 kB
  AnonPages:        126108 kB
  Mapped:            42920 kB
  Shmem:              2832 kB
  KReclaimable:      18596 kB
  Slab:              76884 kB
  SReclaimable:      18596 kB
  SUnreclaim:        58288 kB
  KernelStack:        4240 kB
  PageTables:         2120 kB
  SecPageTables:         0 kB
  NFS_Unstable:          0 kB
  Bounce:                0 kB
  WritebackTmp:          0 kB
  CommitLimit:    12306524 kB
  Committed_AS:    1067684 kB
  VmallocTotal:   34359738367 kB
  VmallocUsed:       27512 kB
  VmallocChunk:          0 kB
  Percpu:             4608 kB
  HardwareCorrupted:     0 kB
  AnonHugePages:     71680 kB
  ShmemHugePages:        0 kB
  ShmemPmdMapped:        0 kB
  FileHugePages:         0 kB
  FilePmdMapped:         0 kB
  Unaccepted:            0 kB
  HugePages_Total:       0
  HugePages_Free:        0
  HugePages_Rsvd:        0
  HugePages_Surp:        0
  Hugepagesize:       2048 kB
  Hugetlb:               0 kB
  DirectMap4k:       23552 kB
  DirectMap2M:     5064704 kB
  DirectMap1G:    19922944 kB
[THP] /proc/self/smaps AnonHugePages total: 0 kB (before)
[THP] madvise: MADV_NOHUGEPAGE
[THP] /proc/self/smaps AnonHugePages total: 0 kB (after)
1095947805,,cycles:u,471812100,100.00,2.323,GHz
2943968862,,instructions:u,471812100,100.00,2.69,insn per cycle
471.81,msec,task-clock:u,471812100,100.00,0.989,CPUs utilized
2961,,dTLB-load-misses:u,471812100,100.00,,
2919,,dTLB-store-misses:u,471812100,100.00,6.187,K/sec
2961,,dtlb_load_misses.walk_completed:u,471812100,100.00,6.276,K/sec
2919,,dtlb_store_misses.walk_completed:u,471812100,100.00,6.187,K/sec

[RUN] rep=2, huge=off, pages=8192
Command: perf stat -x , -e cycles,instructions,task-clock,dTLB-load-misses,dTLB-store-misses,dtlb_load_misses.walk_completed,dtlb_store_misses.walk_completed taskset -c 0 build/saxpy_tlb 8192 4096 1 64 6103 2.0 random off
runtime_ms=1744.69
gflops=0.0573119

[STDERR]
[THP] ----- BEFORE madvise -----
[THP] enabled: [always] madvise never
[THP] defrag : always defer defer+madvise [madvise] never
[THP] /proc/meminfo AnonHugePages (first 5 lines shown around it):
  MemTotal:       16224440 kB
  MemFree:        15595776 kB
  MemAvailable:   15533476 kB
  Buffers:             476 kB
  Cached:           109996 kB
  SwapCached:         5136 kB
  Active:            62684 kB
  Inactive:         242788 kB
  Active(anon):       2904 kB
  Inactive(anon):   194928 kB
  Active(file):      59780 kB
  Inactive(file):    47860 kB
  Unevictable:           0 kB
  Mlocked:               0 kB
  SwapTotal:       4194304 kB
  SwapFree:        4162552 kB
  Dirty:                 0 kB
  Writeback:             0 kB
  AnonPages:        191304 kB
  Mapped:            42996 kB
  Shmem:              2832 kB
  KReclaimable:      18596 kB
  Slab:              76912 kB
  SReclaimable:      18596 kB
  SUnreclaim:        58316 kB
  KernelStack:        4256 kB
  PageTables:         2264 kB
  SecPageTables:         0 kB
  NFS_Unstable:          0 kB
  Bounce:                0 kB
  WritebackTmp:          0 kB
  CommitLimit:    12306524 kB
  Committed_AS:    1132708 kB
  VmallocTotal:   34359738367 kB
  VmallocUsed:       27496 kB
  VmallocChunk:          0 kB
  Percpu:             4608 kB
  HardwareCorrupted:     0 kB
  AnonHugePages:    135168 kB
  ShmemHugePages:        0 kB
  ShmemPmdMapped:        0 kB
  FileHugePages:         0 kB
  FilePmdMapped:         0 kB
  Unaccepted:            0 kB
  HugePages_Total:       0
  HugePages_Free:        0
  HugePages_Rsvd:        0
  HugePages_Surp:        0
  Hugepagesize:       2048 kB
  Hugetlb:               0 kB
  DirectMap4k:       23552 kB
  DirectMap2M:     5064704 kB
  DirectMap1G:    19922944 kB
[THP] /proc/self/smaps AnonHugePages total: 63488 kB (before)
[THP] madvise: MADV_NOHUGEPAGE
[THP] /proc/self/smaps AnonHugePages total: 63488 kB (after)
3980826465,,cycles:u,1753209500,100.00,2.271,GHz
2896076303,,instructions:u,1753209500,100.00,0.73,insn per cycle
1753.21,msec,task-clock:u,1753209500,100.00,0.978,CPUs utilized
83521207,,dTLB-load-misses:u,1753209500,100.00,,
15059377,,dTLB-store-misses:u,1753209500,100.00,8.590,M/sec
83521207,,dtlb_load_misses.walk_completed:u,1753209500,100.00,47.639,M/sec
15059377,,dtlb_store_misses.walk_completed:u,1753209500,100.00,8.590,M/sec

[RUN] rep=2, huge=on, pages=16384
Command: perf stat -x , -e cycles,instructions,task-clock,dTLB-load-misses,dTLB-store-misses,dtlb_load_misses.walk_completed,dtlb_store_misses.walk_completed taskset -c 0 build/saxpy_tlb 16384 4096 1 64 3051 2.0 random on
runtime_ms=1794.59
gflops=0.0557091

[STDERR]
[THP] ----- BEFORE madvise -----
[THP] enabled: [always] madvise never
[THP] defrag : always defer defer+madvise [madvise] never
[THP] /proc/meminfo AnonHugePages (first 5 lines shown around it):
  MemTotal:       16224440 kB
  MemFree:        15530736 kB
  MemAvailable:   15468436 kB
  Buffers:             476 kB
  Cached:           109996 kB
  SwapCached:         5136 kB
  Active:            62676 kB
  Inactive:         308152 kB
  Active(anon):       2896 kB
  Inactive(anon):   260292 kB
  Active(file):      59780 kB
  Inactive(file):    47860 kB
  Unevictable:           0 kB
  Mlocked:               0 kB
  SwapTotal:       4194304 kB
  SwapFree:        4162552 kB
  Dirty:                 0 kB
  Writeback:             0 kB
  AnonPages:        256612 kB
  Mapped:            42800 kB
  Shmem:              2832 kB
  KReclaimable:      18596 kB
  Slab:              76892 kB
  SReclaimable:      18596 kB
  SUnreclaim:        58296 kB
  KernelStack:        4240 kB
  PageTables:         2204 kB
  SecPageTables:         0 kB
  NFS_Unstable:          0 kB
  Bounce:                0 kB
  WritebackTmp:          0 kB
  CommitLimit:    12306524 kB
  Committed_AS:    1198244 kB
  VmallocTotal:   34359738367 kB
  VmallocUsed:       27496 kB
  VmallocChunk:          0 kB
  Percpu:             4608 kB
  HardwareCorrupted:     0 kB
  AnonHugePages:    200704 kB
  ShmemHugePages:        0 kB
  ShmemPmdMapped:        0 kB
  FileHugePages:         0 kB
  FilePmdMapped:         0 kB
  Unaccepted:            0 kB
  HugePages_Total:       0
  HugePages_Free:        0
  HugePages_Rsvd:        0
  HugePages_Surp:        0
  Hugepagesize:       2048 kB
  Hugetlb:               0 kB
  DirectMap4k:       23552 kB
  DirectMap2M:     5064704 kB
  DirectMap1G:    19922944 kB
[THP] /proc/self/smaps AnonHugePages total: 129024 kB (before)
[THP] madvise: MADV_HUGEPAGE
[THP] /proc/self/smaps AnonHugePages total: 129024 kB (after)
4219899825,,cycles:u,1878251800,100.00,2.247,GHz
2935623932,,instructions:u,1878251800,100.00,0.70,insn per cycle
1878.25,msec,task-clock:u,1878251800,100.00,0.997,CPUs utilized
85008527,,dTLB-load-misses:u,1878251800,100.00,,
15084421,,dTLB-store-misses:u,1878251800,100.00,8.031,M/sec
85008527,,dtlb_load_misses.walk_completed:u,1878251800,100.00,45.259,M/sec
15084421,,dtlb_store_misses.walk_completed:u,1878251800,100.00,8.031,M/sec

[RUN] rep=2, huge=off, pages=512
Command: perf stat -x , -e cycles,instructions,task-clock,dTLB-load-misses,dTLB-store-misses,dtlb_load_misses.walk_completed,dtlb_store_misses.walk_completed taskset -c 0 build/saxpy_tlb 512 4096 1 64 97656 2.0 random off
runtime_ms=692.684
gflops=0.144366

[STDERR]
[THP] ----- BEFORE madvise -----
[THP] enabled: [always] madvise never
[THP] defrag : always defer defer+madvise [madvise] never
[THP] /proc/meminfo AnonHugePages (first 5 lines shown around it):
  MemTotal:       16224440 kB
  MemFree:        15657000 kB
  MemAvailable:   15594700 kB
  Buffers:             476 kB
  Cached:           109996 kB
  SwapCached:         5136 kB
  Active:            62676 kB
  Inactive:         181176 kB
  Active(anon):       2896 kB
  Inactive(anon):   133316 kB
  Active(file):      59780 kB
  Inactive(file):    47860 kB
  Unevictable:           0 kB
  Mlocked:               0 kB
  SwapTotal:       4194304 kB
  SwapFree:        4162552 kB
  Dirty:                 0 kB
  Writeback:             0 kB
  AnonPages:        129604 kB
  Mapped:            42636 kB
  Shmem:              2832 kB
  KReclaimable:      18596 kB
  Slab:              76860 kB
  SReclaimable:      18596 kB
  SUnreclaim:        58264 kB
  KernelStack:        4224 kB
  PageTables:         1976 kB
  SecPageTables:         0 kB
  NFS_Unstable:          0 kB
  Bounce:                0 kB
  WritebackTmp:          0 kB
  CommitLimit:    12306524 kB
  Committed_AS:    1071268 kB
  VmallocTotal:   34359738367 kB
  VmallocUsed:       27496 kB
  VmallocChunk:          0 kB
  Percpu:             4608 kB
  HardwareCorrupted:     0 kB
  AnonHugePages:     73728 kB
  ShmemHugePages:        0 kB
  ShmemPmdMapped:        0 kB
  FileHugePages:         0 kB
  FilePmdMapped:         0 kB
  Unaccepted:            0 kB
  HugePages_Total:       0
  HugePages_Free:        0
  HugePages_Rsvd:        0
  HugePages_Surp:        0
  Hugepagesize:       2048 kB
  Hugetlb:               0 kB
  DirectMap4k:       23552 kB
  DirectMap2M:     5064704 kB
  DirectMap1G:    19922944 kB
[THP] /proc/self/smaps AnonHugePages total: 2048 kB (before)
[THP] madvise: MADV_NOHUGEPAGE
[THP] /proc/self/smaps AnonHugePages total: 2048 kB (after)
1551050043,,cycles:u,666224200,100.00,2.328,GHz
2873261095,,instructions:u,666224200,100.00,1.85,insn per cycle
666.22,msec,task-clock:u,666224200,100.00,0.943,CPUs utilized
20382,,dTLB-load-misses:u,666224200,100.00,,
12356,,dTLB-store-misses:u,666224200,100.00,18.546,K/sec
20382,,dtlb_load_misses.walk_completed:u,666224200,100.00,30.593,K/sec
12356,,dtlb_store_misses.walk_completed:u,666224200,100.00,18.546,K/sec

[RUN] rep=2, huge=on, pages=2048
Command: perf stat -x , -e cycles,instructions,task-clock,dTLB-load-misses,dTLB-store-misses,dtlb_load_misses.walk_completed,dtlb_store_misses.walk_completed taskset -c 0 build/saxpy_tlb 2048 4096 1 64 24414 2.0 random on
runtime_ms=1152.49
gflops=0.0867687

[STDERR]
[THP] ----- BEFORE madvise -----
[THP] enabled: [always] madvise never
[THP] defrag : always defer defer+madvise [madvise] never
[THP] /proc/meminfo AnonHugePages (first 5 lines shown around it):
  MemTotal:       16224440 kB
  MemFree:        15645248 kB
  MemAvailable:   15582948 kB
  Buffers:             476 kB
  Cached:           109996 kB
  SwapCached:         5136 kB
  Active:            62692 kB
  Inactive:         193632 kB
  Active(anon):       2912 kB
  Inactive(anon):   145772 kB
  Active(file):      59780 kB
  Inactive(file):    47860 kB
  Unevictable:           0 kB
  Mlocked:               0 kB
  SwapTotal:       4194304 kB
  SwapFree:        4162552 kB
  Dirty:                 0 kB
  Writeback:             0 kB
  AnonPages:        142148 kB
  Mapped:            42924 kB
  Shmem:              2832 kB
  KReclaimable:      18596 kB
  Slab:              76928 kB
  SReclaimable:      18596 kB
  SUnreclaim:        58332 kB
  KernelStack:        4272 kB
  PageTables:         2232 kB
  SecPageTables:         0 kB
  NFS_Unstable:          0 kB
  Bounce:                0 kB
  WritebackTmp:          0 kB
  CommitLimit:    12306524 kB
  Committed_AS:    1083556 kB
  VmallocTotal:   34359738367 kB
  VmallocUsed:       27496 kB
  VmallocChunk:          0 kB
  Percpu:             4608 kB
  HardwareCorrupted:     0 kB
  AnonHugePages:     86016 kB
  ShmemHugePages:        0 kB
  ShmemPmdMapped:        0 kB
  FileHugePages:         0 kB
  FilePmdMapped:         0 kB
  Unaccepted:            0 kB
  HugePages_Total:       0
  HugePages_Free:        0
  HugePages_Rsvd:        0
  HugePages_Surp:        0
  Hugepagesize:       2048 kB
  Hugetlb:               0 kB
  DirectMap4k:       23552 kB
  DirectMap2M:     5064704 kB
  DirectMap1G:    19922944 kB
[THP] /proc/self/smaps AnonHugePages total: 14336 kB (before)
[THP] madvise: MADV_HUGEPAGE
[THP] /proc/self/smaps AnonHugePages total: 14336 kB (after)
2700584180,,cycles:u,1168451900,100.00,2.311,GHz
2871660883,,instructions:u,1168451900,100.00,1.06,insn per cycle
1168.45,msec,task-clock:u,1168451900,100.00,0.993,CPUs utilized
67269135,,dTLB-load-misses:u,1168451900,100.00,,
13546191,,dTLB-store-misses:u,1168451900,100.00,11.593,M/sec
67269135,,dtlb_load_misses.walk_completed:u,1168451900,100.00,57.571,M/sec
13546191,,dtlb_store_misses.walk_completed:u,1168451900,100.00,11.593,M/sec

[RUN] rep=2, huge=on, pages=1024
Command: perf stat -x , -e cycles,instructions,task-clock,dTLB-load-misses,dTLB-store-misses,dtlb_load_misses.walk_completed,dtlb_store_misses.walk_completed taskset -c 0 build/saxpy_tlb 1024 4096 1 64 48828 2.0 random on
runtime_ms=716.768
gflops=0.139515

[STDERR]
[THP] ----- BEFORE madvise -----
[THP] enabled: [always] madvise never
[THP] defrag : always defer defer+madvise [madvise] never
[THP] /proc/meminfo AnonHugePages (first 5 lines shown around it):
  MemTotal:       16224440 kB
  MemFree:        15653552 kB
  MemAvailable:   15591252 kB
  Buffers:             476 kB
  Cached:           109996 kB
  SwapCached:         5136 kB
  Active:            62684 kB
  Inactive:         185244 kB
  Active(anon):       2904 kB
  Inactive(anon):   137384 kB
  Active(file):      59780 kB
  Inactive(file):    47860 kB
  Unevictable:           0 kB
  Mlocked:               0 kB
  SwapTotal:       4194304 kB
  SwapFree:        4162552 kB
  Dirty:                 0 kB
  Writeback:             0 kB
  AnonPages:        133720 kB
  Mapped:            42720 kB
  Shmem:              2832 kB
  KReclaimable:      18596 kB
  Slab:              76868 kB
  SReclaimable:      18596 kB
  SUnreclaim:        58272 kB
  KernelStack:        4224 kB
  PageTables:         2052 kB
  SecPageTables:         0 kB
  NFS_Unstable:          0 kB
  Bounce:                0 kB
  WritebackTmp:          0 kB
  CommitLimit:    12306524 kB
  Committed_AS:    1075364 kB
  VmallocTotal:   34359738367 kB
  VmallocUsed:       27512 kB
  VmallocChunk:          0 kB
  Percpu:             4608 kB
  HardwareCorrupted:     0 kB
  AnonHugePages:     77824 kB
  ShmemHugePages:        0 kB
  ShmemPmdMapped:        0 kB
  FileHugePages:         0 kB
  FilePmdMapped:         0 kB
  Unaccepted:            0 kB
  HugePages_Total:       0
  HugePages_Free:        0
  HugePages_Rsvd:        0
  HugePages_Surp:        0
  Hugepagesize:       2048 kB
  Hugetlb:               0 kB
  DirectMap4k:       23552 kB
  DirectMap2M:     5064704 kB
  DirectMap1G:    19922944 kB
[THP] /proc/self/smaps AnonHugePages total: 6144 kB (before)
[THP] madvise: MADV_HUGEPAGE
[THP] /proc/self/smaps AnonHugePages total: 6144 kB (after)
1682762957,,cycles:u,724107300,100.00,2.324,GHz
2870115951,,instructions:u,724107300,100.00,1.71,insn per cycle
724.11,msec,task-clock:u,724107300,100.00,0.991,CPUs utilized
12340343,,dTLB-load-misses:u,724107300,100.00,,
6909626,,dTLB-store-misses:u,724107300,100.00,9.542,M/sec
12340343,,dtlb_load_misses.walk_completed:u,724107300,100.00,17.042,M/sec
6909626,,dtlb_store_misses.walk_completed:u,724107300,100.00,9.542,M/sec

[RUN] rep=2, huge=on, pages=512
Command: perf stat -x , -e cycles,instructions,task-clock,dTLB-load-misses,dTLB-store-misses,dtlb_load_misses.walk_completed,dtlb_store_misses.walk_completed taskset -c 0 build/saxpy_tlb 512 4096 1 64 97656 2.0 random on
runtime_ms=667.871
gflops=0.149729

[STDERR]
[THP] ----- BEFORE madvise -----
[THP] enabled: [always] madvise never
[THP] defrag : always defer defer+madvise [madvise] never
[THP] /proc/meminfo AnonHugePages (first 5 lines shown around it):
  MemTotal:       16224440 kB
  MemFree:        15657588 kB
  MemAvailable:   15595288 kB
  Buffers:             476 kB
  Cached:           109996 kB
  SwapCached:         5136 kB
  Active:            62684 kB
  Inactive:         181168 kB
  Active(anon):       2904 kB
  Inactive(anon):   133308 kB
  Active(file):      59780 kB
  Inactive(file):    47860 kB
  Unevictable:           0 kB
  Mlocked:               0 kB
  SwapTotal:       4194304 kB
  SwapFree:        4162552 kB
  Dirty:                 0 kB
  Writeback:             0 kB
  AnonPages:        129624 kB
  Mapped:            42896 kB
  Shmem:              2832 kB
  KReclaimable:      18596 kB
  Slab:              76892 kB
  SReclaimable:      18596 kB
  SUnreclaim:        58296 kB
  KernelStack:        4256 kB
  PageTables:         2148 kB
  SecPageTables:         0 kB
  NFS_Unstable:          0 kB
  Bounce:                0 kB
  WritebackTmp:          0 kB
  CommitLimit:    12306524 kB
  Committed_AS:    1071268 kB
  VmallocTotal:   34359738367 kB
  VmallocUsed:       27512 kB
  VmallocChunk:          0 kB
  Percpu:             4608 kB
  HardwareCorrupted:     0 kB
  AnonHugePages:     73728 kB
  ShmemHugePages:        0 kB
  ShmemPmdMapped:        0 kB
  FileHugePages:         0 kB
  FilePmdMapped:         0 kB
  Unaccepted:            0 kB
  HugePages_Total:       0
  HugePages_Free:        0
  HugePages_Rsvd:        0
  HugePages_Surp:        0
  Hugepagesize:       2048 kB
  Hugetlb:               0 kB
  DirectMap4k:       23552 kB
  DirectMap2M:     5064704 kB
  DirectMap1G:    19922944 kB
[THP] /proc/self/smaps AnonHugePages total: 2048 kB (before)
[THP] madvise: MADV_HUGEPAGE
[THP] /proc/self/smaps AnonHugePages total: 2048 kB (after)
1560213935,,cycles:u,669869300,100.00,2.329,GHz
2873261077,,instructions:u,669869300,100.00,1.84,insn per cycle
669.87,msec,task-clock:u,669869300,100.00,0.986,CPUs utilized
8587,,dTLB-load-misses:u,669869300,100.00,,
9735,,dTLB-store-misses:u,669869300,100.00,14.533,K/sec
8587,,dtlb_load_misses.walk_completed:u,669869300,100.00,12.819,K/sec
9735,,dtlb_store_misses.walk_completed:u,669869300,100.00,14.533,K/sec

[RUN] rep=2, huge=on, pages=128
Command: perf stat -x , -e cycles,instructions,task-clock,dTLB-load-misses,dTLB-store-misses,dtlb_load_misses.walk_completed,dtlb_store_misses.walk_completed taskset -c 0 build/saxpy_tlb 128 4096 1 64 390625 2.0 random on
runtime_ms=485.611
gflops=0.205926

[STDERR]
[THP] ----- BEFORE madvise -----
[THP] enabled: [always] madvise never
[THP] defrag : always defer defer+madvise [madvise] never
[THP] /proc/meminfo AnonHugePages (first 5 lines shown around it):
  MemTotal:       16224440 kB
  MemFree:        15662132 kB
  MemAvailable:   15599832 kB
  Buffers:             476 kB
  Cached:           109996 kB
  SwapCached:         5136 kB
  Active:            62676 kB
  Inactive:         177928 kB
  Active(anon):       2896 kB
  Inactive(anon):   130068 kB
  Active(file):      59780 kB
  Inactive(file):    47860 kB
  Unevictable:           0 kB
  Mlocked:               0 kB
  SwapTotal:       4194304 kB
  SwapFree:        4162552 kB
  Dirty:                 0 kB
  Writeback:             0 kB
  AnonPages:        126420 kB
  Mapped:            42916 kB
  Shmem:              2832 kB
  KReclaimable:      18596 kB
  Slab:              76884 kB
  SReclaimable:      18596 kB
  SUnreclaim:        58288 kB
  KernelStack:        4224 kB
  PageTables:         2084 kB
  SecPageTables:         0 kB
  NFS_Unstable:          0 kB
  Bounce:                0 kB
  WritebackTmp:          0 kB
  CommitLimit:    12306524 kB
  Committed_AS:    1068196 kB
  VmallocTotal:   34359738367 kB
  VmallocUsed:       27512 kB
  VmallocChunk:          0 kB
  Percpu:             4608 kB
  HardwareCorrupted:     0 kB
  AnonHugePages:     71680 kB
  ShmemHugePages:        0 kB
  ShmemPmdMapped:        0 kB
  FileHugePages:         0 kB
  FilePmdMapped:         0 kB
  Unaccepted:            0 kB
  HugePages_Total:       0
  HugePages_Free:        0
  HugePages_Rsvd:        0
  HugePages_Surp:        0
  Hugepagesize:       2048 kB
  Hugetlb:               0 kB
  DirectMap4k:       23552 kB
  DirectMap2M:     5064704 kB
  DirectMap1G:    19922944 kB
[THP] /proc/self/smaps AnonHugePages total: 0 kB (before)
[THP] madvise: MADV_HUGEPAGE
[THP] /proc/self/smaps AnonHugePages total: 0 kB (after)
1136907545,,cycles:u,490188300,100.00,2.319,GHz
2902813053,,instructions:u,490188300,100.00,2.55,insn per cycle
490.19,msec,task-clock:u,490188300,100.00,0.991,CPUs utilized
6013,,dTLB-load-misses:u,490188300,100.00,,
4895,,dTLB-store-misses:u,490188300,100.00,9.986,K/sec
6013,,dtlb_load_misses.walk_completed:u,490188300,100.00,12.267,K/sec
4895,,dtlb_store_misses.walk_completed:u,490188300,100.00,9.986,K/sec

[RUN] rep=2, huge=on, pages=8192
Command: perf stat -x , -e cycles,instructions,task-clock,dTLB-load-misses,dTLB-store-misses,dtlb_load_misses.walk_completed,dtlb_store_misses.walk_completed taskset -c 0 build/saxpy_tlb 8192 4096 1 64 6103 2.0 random on
runtime_ms=1659.64
gflops=0.0602489

[STDERR]
[THP] ----- BEFORE madvise -----
[THP] enabled: [always] madvise never
[THP] defrag : always defer defer+madvise [madvise] never
[THP] /proc/meminfo AnonHugePages (first 5 lines shown around it):
  MemTotal:       16224440 kB
  MemFree:        15596740 kB
  MemAvailable:   15534440 kB
  Buffers:             476 kB
  Cached:           109996 kB
  SwapCached:         5136 kB
  Active:            62676 kB
  Inactive:         242708 kB
  Active(anon):       2896 kB
  Inactive(anon):   194848 kB
  Active(file):      59780 kB
  Inactive(file):    47860 kB
  Unevictable:           0 kB
  Mlocked:               0 kB
  SwapTotal:       4194304 kB
  SwapFree:        4162552 kB
  Dirty:                 0 kB
  Writeback:             0 kB
  AnonPages:        191172 kB
  Mapped:            42796 kB
  Shmem:              2832 kB
  KReclaimable:      18596 kB
  Slab:              76880 kB
  SReclaimable:      18596 kB
  SUnreclaim:        58284 kB
  KernelStack:        4240 kB
  PageTables:         2124 kB
  SecPageTables:         0 kB
  NFS_Unstable:          0 kB
  Bounce:                0 kB
  WritebackTmp:          0 kB
  CommitLimit:    12306524 kB
  Committed_AS:    1132708 kB
  VmallocTotal:   34359738367 kB
  VmallocUsed:       27496 kB
  VmallocChunk:          0 kB
  Percpu:             4608 kB
  HardwareCorrupted:     0 kB
  AnonHugePages:    135168 kB
  ShmemHugePages:        0 kB
  ShmemPmdMapped:        0 kB
  FileHugePages:         0 kB
  FilePmdMapped:         0 kB
  Unaccepted:            0 kB
  HugePages_Total:       0
  HugePages_Free:        0
  HugePages_Rsvd:        0
  HugePages_Surp:        0
  Hugepagesize:       2048 kB
  Hugetlb:               0 kB
  DirectMap4k:       23552 kB
  DirectMap2M:     5064704 kB
  DirectMap1G:    19922944 kB
[THP] /proc/self/smaps AnonHugePages total: 63488 kB (before)
[THP] madvise: MADV_HUGEPAGE
[THP] /proc/self/smaps AnonHugePages total: 63488 kB (after)
3872802480,,cycles:u,1718864400,100.00,2.253,GHz
2896077093,,instructions:u,1718864400,100.00,0.75,insn per cycle
1718.86,msec,task-clock:u,1718864400,100.00,0.996,CPUs utilized
83469385,,dTLB-load-misses:u,1718864400,100.00,,
15132997,,dTLB-store-misses:u,1718864400,100.00,8.804,M/sec
83469385,,dtlb_load_misses.walk_completed:u,1718864400,100.00,48.561,M/sec
15132997,,dtlb_store_misses.walk_completed:u,1718864400,100.00,8.804,M/sec

[RUN] rep=2, huge=on, pages=32768
Command: perf stat -x , -e cycles,instructions,task-clock,dTLB-load-misses,dTLB-store-misses,dtlb_load_misses.walk_completed,dtlb_store_misses.walk_completed taskset -c 0 build/saxpy_tlb 32768 4096 1 64 1525 2.0 random on
runtime_ms=1997.54
gflops=0.0500328

[STDERR]
[THP] ----- BEFORE madvise -----
[THP] enabled: [always] madvise never
[THP] defrag : always defer defer+madvise [madvise] never
[THP] /proc/meminfo AnonHugePages (first 5 lines shown around it):
  MemTotal:       16224440 kB
  MemFree:        15399216 kB
  MemAvailable:   15336916 kB
  Buffers:             476 kB
  Cached:           109996 kB
  SwapCached:         5136 kB
  Active:            62676 kB
  Inactive:         439276 kB
  Active(anon):       2896 kB
  Inactive(anon):   391416 kB
  Active(file):      59780 kB
  Inactive(file):    47860 kB
  Unevictable:           0 kB
  Mlocked:               0 kB
  SwapTotal:       4194304 kB
  SwapFree:        4162552 kB
  Dirty:                 0 kB
  Writeback:             0 kB
  AnonPages:        387684 kB
  Mapped:            42796 kB
  Shmem:              2832 kB
  KReclaimable:      18596 kB
  Slab:              76888 kB
  SReclaimable:      18596 kB
  SUnreclaim:        58292 kB
  KernelStack:        4240 kB
  PageTables:         2512 kB
  SecPageTables:         0 kB
  NFS_Unstable:          0 kB
  Bounce:                0 kB
  WritebackTmp:          0 kB
  CommitLimit:    12306524 kB
  Committed_AS:    1329316 kB
  VmallocTotal:   34359738367 kB
  VmallocUsed:       27496 kB
  VmallocChunk:          0 kB
  Percpu:             4608 kB
  HardwareCorrupted:     0 kB
  AnonHugePages:    331776 kB
  ShmemHugePages:        0 kB
  ShmemPmdMapped:        0 kB
  FileHugePages:         0 kB
  FilePmdMapped:         0 kB
  Unaccepted:            0 kB
  HugePages_Total:       0
  HugePages_Free:        0
  HugePages_Rsvd:        0
  HugePages_Surp:        0
  Hugepagesize:       2048 kB
  Hugetlb:               0 kB
  DirectMap4k:       23552 kB
  DirectMap2M:     5064704 kB
  DirectMap1G:    19922944 kB
[THP] /proc/self/smaps AnonHugePages total: 260096 kB (before)
[THP] madvise: MADV_HUGEPAGE
[THP] /proc/self/smaps AnonHugePages total: 260096 kB (after)
4739500538,,cycles:u,2194503700,100.00,2.160,GHz
3032597180,,instructions:u,2194503700,100.00,0.64,insn per cycle
2194.50,msec,task-clock:u,2194503700,100.00,0.997,CPUs utilized
85745086,,dTLB-load-misses:u,2194503700,100.00,,
15036603,,dTLB-store-misses:u,2194503700,100.00,6.852,M/sec
85745086,,dtlb_load_misses.walk_completed:u,2194503700,100.00,39.073,M/sec
15036603,,dtlb_store_misses.walk_completed:u,2194503700,100.00,6.852,M/sec

[RUN] rep=2, huge=on, pages=64
Command: perf stat -x , -e cycles,instructions,task-clock,dTLB-load-misses,dTLB-store-misses,dtlb_load_misses.walk_completed,dtlb_store_misses.walk_completed taskset -c 0 build/saxpy_tlb 64 4096 1 64 781250 2.0 random on
runtime_ms=462.422
gflops=0.216253

[STDERR]
[THP] ----- BEFORE madvise -----
[THP] enabled: [always] madvise never
[THP] defrag : always defer defer+madvise [madvise] never
[THP] /proc/meminfo AnonHugePages (first 5 lines shown around it):
  MemTotal:       16224440 kB
  MemFree:        15663332 kB
  MemAvailable:   15601020 kB
  Buffers:             476 kB
  Cached:           109968 kB
  SwapCached:         5136 kB
  Active:            62668 kB
  Inactive:         177404 kB
  Active(anon):       2888 kB
  Inactive(anon):   129572 kB
  Active(file):      59780 kB
  Inactive(file):    47832 kB
  Unevictable:           0 kB
  Mlocked:               0 kB
  SwapTotal:       4194304 kB
  SwapFree:        4162552 kB
  Dirty:                 0 kB
  Writeback:             0 kB
  AnonPages:        125864 kB
  Mapped:            42648 kB
  Shmem:              2832 kB
  KReclaimable:      18596 kB
  Slab:              76864 kB
  SReclaimable:      18596 kB
  SUnreclaim:        58268 kB
  KernelStack:        4208 kB
  PageTables:         2016 kB
  SecPageTables:         0 kB
  NFS_Unstable:          0 kB
  Bounce:                0 kB
  WritebackTmp:          0 kB
  CommitLimit:    12306524 kB
  Committed_AS:    1067684 kB
  VmallocTotal:   34359738367 kB
  VmallocUsed:       27496 kB
  VmallocChunk:          0 kB
  Percpu:             4608 kB
  HardwareCorrupted:     0 kB
  AnonHugePages:     71680 kB
  ShmemHugePages:        0 kB
  ShmemPmdMapped:        0 kB
  FileHugePages:         0 kB
  FilePmdMapped:         0 kB
  Unaccepted:            0 kB
  HugePages_Total:       0
  HugePages_Free:        0
  HugePages_Rsvd:        0
  HugePages_Surp:        0
  Hugepagesize:       2048 kB
  Hugetlb:               0 kB
  DirectMap4k:       23552 kB
  DirectMap2M:     5064704 kB
  DirectMap1G:    19922944 kB
[THP] /proc/self/smaps AnonHugePages total: 0 kB (before)
[THP] madvise: MADV_HUGEPAGE
[THP] /proc/self/smaps AnonHugePages total: 0 kB (after)
1085957175,,cycles:u,466870900,100.00,2.326,GHz
2943968781,,instructions:u,466870900,100.00,2.71,insn per cycle
466.87,msec,task-clock:u,466870900,100.00,0.989,CPUs utilized
2740,,dTLB-load-misses:u,466870900,100.00,,
2895,,dTLB-store-misses:u,466870900,100.00,6.201,K/sec
2740,,dtlb_load_misses.walk_completed:u,466870900,100.00,5.869,K/sec
2895,,dtlb_store_misses.walk_completed:u,466870900,100.00,6.201,K/sec

[RUN] rep=2, huge=off, pages=65536
Command: perf stat -x , -e cycles,instructions,task-clock,dTLB-load-misses,dTLB-store-misses,dtlb_load_misses.walk_completed,dtlb_store_misses.walk_completed taskset -c 0 build/saxpy_tlb 65536 4096 1 64 762 2.0 random off
runtime_ms=2263.24
gflops=0.0441301

[STDERR]
[THP] ----- BEFORE madvise -----
[THP] enabled: [always] madvise never
[THP] defrag : always defer defer+madvise [madvise] never
[THP] /proc/meminfo AnonHugePages (first 5 lines shown around it):
  MemTotal:       16224440 kB
  MemFree:        15135520 kB
  MemAvailable:   15073208 kB
  Buffers:             476 kB
  Cached:           109968 kB
  SwapCached:         5136 kB
  Active:            62676 kB
  Inactive:         701436 kB
  Active(anon):       2896 kB
  Inactive(anon):   653604 kB
  Active(file):      59780 kB
  Inactive(file):    47832 kB
  Unevictable:           0 kB
  Mlocked:               0 kB
  SwapTotal:       4194304 kB
  SwapFree:        4162552 kB
  Dirty:                 0 kB
  Writeback:             0 kB
  AnonPages:        649928 kB
  Mapped:            42716 kB
  Shmem:              2832 kB
  KReclaimable:      18596 kB
  Slab:              76860 kB
  SReclaimable:      18596 kB
  SUnreclaim:        58264 kB
  KernelStack:        4240 kB
  PageTables:         3104 kB
  SecPageTables:         0 kB
  NFS_Unstable:          0 kB
  Bounce:                0 kB
  WritebackTmp:          0 kB
  CommitLimit:    12306524 kB
  Committed_AS:    1591460 kB
  VmallocTotal:   34359738367 kB
  VmallocUsed:       27496 kB
  VmallocChunk:          0 kB
  Percpu:             4608 kB
  HardwareCorrupted:     0 kB
  AnonHugePages:    593920 kB
  ShmemHugePages:        0 kB
  ShmemPmdMapped:        0 kB
  FileHugePages:         0 kB
  FilePmdMapped:         0 kB
  Unaccepted:            0 kB
  HugePages_Total:       0
  HugePages_Free:        0
  HugePages_Rsvd:        0
  HugePages_Surp:        0
  Hugepagesize:       2048 kB
  Hugetlb:               0 kB
  DirectMap4k:       23552 kB
  DirectMap2M:     5064704 kB
  DirectMap1G:    19922944 kB
[THP] /proc/self/smaps AnonHugePages total: 522240 kB (before)
[THP] madvise: MADV_NOHUGEPAGE
[THP] /proc/self/smaps AnonHugePages total: 522240 kB (after)
5376877240,,cycles:u,2575151400,100.00,2.088,GHz
3471518994,,instructions:u,2575151400,100.00,0.65,insn per cycle
2575.15,msec,task-clock:u,2575151400,100.00,0.997,CPUs utilized
86348377,,dTLB-load-misses:u,2575151400,100.00,,
14751049,,dTLB-store-misses:u,2575151400,100.00,5.728,M/sec
86348377,,dtlb_load_misses.walk_completed:u,2575151400,100.00,33.531,M/sec
14751049,,dtlb_store_misses.walk_completed:u,2575151400,100.00,5.728,M/sec

[RUN] rep=2, huge=off, pages=128
Command: perf stat -x , -e cycles,instructions,task-clock,dTLB-load-misses,dTLB-store-misses,dtlb_load_misses.walk_completed,dtlb_store_misses.walk_completed taskset -c 0 build/saxpy_tlb 128 4096 1 64 390625 2.0 random off
runtime_ms=460.999
gflops=0.21692

[STDERR]
[THP] ----- BEFORE madvise -----
[THP] enabled: [always] madvise never
[THP] defrag : always defer defer+madvise [madvise] never
[THP] /proc/meminfo AnonHugePages (first 5 lines shown around it):
  MemTotal:       16224440 kB
  MemFree:        15662568 kB
  MemAvailable:   15600268 kB
  Buffers:             476 kB
  Cached:           109996 kB
  SwapCached:         5136 kB
  Active:            62676 kB
  Inactive:         177848 kB
  Active(anon):       2896 kB
  Inactive(anon):   129988 kB
  Active(file):      59780 kB
  Inactive(file):    47860 kB
  Unevictable:           0 kB
  Mlocked:               0 kB
  SwapTotal:       4194304 kB
  SwapFree:        4162552 kB
  Dirty:                 0 kB
  Writeback:             0 kB
  AnonPages:        126668 kB
  Mapped:            42808 kB
  Shmem:              2832 kB
  KReclaimable:      18596 kB
  Slab:              76872 kB
  SReclaimable:      18596 kB
  SUnreclaim:        58276 kB
  KernelStack:        4240 kB
  PageTables:         2132 kB
  SecPageTables:         0 kB
  NFS_Unstable:          0 kB
  Bounce:                0 kB
  WritebackTmp:          0 kB
  CommitLimit:    12306524 kB
  Committed_AS:    1068196 kB
  VmallocTotal:   34359738367 kB
  VmallocUsed:       27512 kB
  VmallocChunk:          0 kB
  Percpu:             4608 kB
